
-10000.0 22+20      S2 O0 A0:  0.813797681 -0.469846310  0.342020143 

-10000.0 22+20      S2 O0 A0: 1 1 1 

-10000.0 22+20      S2 O1 A0:  0.813835515 -0.469763661  0.342043649 

-10000.0 22+20      S2 O1 A0: 1 1 1 

-10000.0 22+20      S2 O2 A0:  0.832463660 -0.447922643  0.326143465 

-10000.0 22+20      S2 O2 A0: 1 1 1 

-10000.0 16-20      S2 O0 A0: -0.469846310 -0.813797681 -0.342020143 

-10000.0 16-20      S2 O0 A0: 1 1 1 

-10000.0 16-20      S2 O1 A0: -0.469834504 -0.813803959 -0.342021426 

-10000.0 16-20      S2 O1 A0: 1 1 1 

-10000.0 16-20      S2 O2 A0: -0.423570346 -0.835107526 -0.350975189 

-10000.0 16-20      S2 O2 A0: 1 1 1 

-10000.0 SUN        S0 O0 A0: -0.002224383  0.916089520  0.400967633 

-10000.0 SUN        S0 O0 A0: 1 1 1 

-10000.0 SUN        S0 O1 A0: -0.002167392  0.916089595  0.400967774 

-10000.0 SUN        S0 O1 A0: 1 1 1 

-10000.0 SUN        S0 O2 A0:  0.055593793  0.914675131  0.400348268 

-10000.0 SUN        S0 O2 A0: 1 1 1 

-10000.0 EARTH      S0 O0 A0:  0.801881680 -0.548172386 -0.237682155 

-10000.0 EARTH      S0 O0 A0: 1 1 1 

-10000.0 EARTH      S0 O1 A0:  0.801939473 -0.548101362 -0.237650958 

-10000.0 EARTH      S0 O1 A0: 1 1 1 

-10000.0 EARTH      S0 O2 A0:  0.821641573 -0.522961820 -0.226751098 

-10000.0 EARTH      S0 O2 A0: 1 1 1 

     0.0 22+20      S2 O0 A0:  0.813797681 -0.469846310  0.342020143 

     0.0 22+20      S2 O0 A0: 1 1 1 

     0.0 22+20      S2 O1 A0:  0.813760181 -0.469898074  0.342038255 

     0.0 22+20      S2 O1 A0: 1 1 1 

     0.0 22+20      S2 O2 A0:  0.832393141 -0.448056585  0.326139472 

     0.0 22+20      S2 O2 A0: 1 1 1 

     0.0 16-20      S2 O0 A0: -0.469846310 -0.813797681 -0.342020143 

     0.0 16-20      S2 O0 A0: 1 1 1 

     0.0 16-20      S2 O1 A0: -0.469914966 -0.813763928 -0.342006132 

     0.0 16-20      S2 O1 A0: 1 1 1 

     0.0 16-20      S2 O2 A0: -0.423659859 -0.835068502 -0.350959999 

     0.0 16-20      S2 O2 A0: 1 1 1 

     0.0 SUN        S0 O0 A0: -0.930944063 -0.344822020 -0.120170407 

     0.0 SUN        S0 O0 A0: 1 1 1 

     0.0 SUN        S0 O1 A0: -0.930950881 -0.344805175 -0.120165924 

     0.0 SUN        S0 O1 A0: 1 1 1 

     0.0 SUN        S0 O2 A0: -0.922813302 -0.363788426 -0.126781664 

     0.0 SUN        S0 O2 A0: 1 1 1 

     0.0 EARTH      S0 O0 A0: -0.187669253  0.901096981  0.390902140 

     0.0 EARTH      S0 O0 A0: 1 1 1 

     0.0 EARTH      S0 O1 A0: -0.187767092  0.901079807  0.390894744 

     0.0 EARTH      S0 O1 A0: 1 1 1 

     0.0 EARTH      S0 O2 A0: -0.131438494  0.909437997  0.394520535 

     0.0 EARTH      S0 O2 A0: 1 1 1 

 10000.0 22+20      S2 O0 A0:  0.813797681 -0.469846310  0.342020143 

 10000.0 22+20      S2 O0 A0: 1 1 1 

 10000.0 22+20      S2 O1 A0:  0.813812907 -0.469855612  0.341971135 

 10000.0 22+20      S2 O1 A0: 1 1 1 

 10000.0 22+20      S2 O2 A0:  0.832441311 -0.448015333  0.326073191 

 10000.0 22+20      S2 O2 A0: 1 1 1 

 10000.0 16-20      S2 O0 A0: -0.469846310 -0.813797681 -0.342020143 

 10000.0 16-20      S2 O0 A0: 1 1 1 

 10000.0 16-20      S2 O1 A0: -0.469761120 -0.813839085 -0.342038644 

 10000.0 16-20      S2 O1 A0: 1 1 1 

 10000.0 16-20      S2 O2 A0: -0.423495788 -0.835139077 -0.350990086 

 10000.0 16-20      S2 O2 A0: 1 1 1 

 10000.0 SUN        S0 O0 A0: -0.002282641 -0.923499534 -0.383592752 

 10000.0 SUN        S0 O0 A0: 1 1 1 

 10000.0 SUN        S0 O1 A0: -0.002200925 -0.923499231 -0.383593960 

 10000.0 SUN        S0 O1 A0: 1 1 1 

 10000.0 SUN        S0 O2 A0:  0.055561039 -0.922075087 -0.383001964 

 10000.0 SUN        S0 O2 A0: 1 1 1 

 10000.0 EARTH      S0 O0 A0: -0.529131397 -0.778568508 -0.337418203 

 10000.0 EARTH      S0 O0 A0: 1 1 1 

 10000.0 EARTH      S0 O1 A0: -0.529049252 -0.778615329 -0.337438971 

 10000.0 EARTH      S0 O1 A0: 1 1 1 

 10000.0 EARTH      S0 O2 A0: -0.486148410 -0.801815607 -0.347493102 

 10000.0 EARTH      S0 O2 A0: 1 1 1 

 10000.0 22+20      S2 O0 A0:  0.813797681 -0.469846310  0.342020143 

 10000.0 22+20      S2 O0 A0: 1 1 1 

 10000.0 22+20      S2 O1 A0:  0.813812907 -0.469855612  0.341971135 

 10000.0 22+20      S2 O1 A0: 1 1 1 

 10000.0 22+20      S2 O2 A0:  0.832441311 -0.448015333  0.326073191 

 10000.0 22+20      S2 O2 A0: 1 1 1 

 10000.0 16-20      S2 O0 A0: -0.469846310 -0.813797681 -0.342020143 

 10000.0 16-20      S2 O0 A0: 1 1 1 

 10000.0 16-20      S2 O1 A0: -0.469761120 -0.813839085 -0.342038644 

 10000.0 16-20      S2 O1 A0: 1 1 1 

 10000.0 16-20      S2 O2 A0: -0.423495788 -0.835139077 -0.350990086 

 10000.0 16-20      S2 O2 A0: 1 1 1 

 10000.0 SUN        S0 O0 A0: -0.002282641 -0.923499534 -0.383592752 

 10000.0 SUN        S0 O0 A0: 1 1 1 

 10000.0 SUN        S0 O1 A0: -0.002200925 -0.923499231 -0.383593960 

 10000.0 SUN        S0 O1 A0: 1 1 1 

 10000.0 SUN        S0 O2 A0:  0.055561039 -0.922075087 -0.383001964 

 10000.0 SUN        S0 O2 A0: 1 1 1 

 10000.0 EARTH      S0 O0 A0: -0.529131397 -0.778568508 -0.337418203 

 10000.0 EARTH      S0 O0 A0: 1 1 1 

 10000.0 EARTH      S0 O1 A0: -0.529049252 -0.778615329 -0.337438971 

 10000.0 EARTH      S0 O1 A0: 1 1 1 

 10000.0 EARTH      S0 O2 A0: -0.486148410 -0.801815607 -0.347493102 

 10000.0 EARTH      S0 O2 A0: 1 1 1 

 10000.0 22+20      S2 O0 A0:  0.813797681 -0.469846310  0.342020143 

 10000.0 22+20      S2 O0 A0: 1 1 1 

 10000.0 22+20      S2 O1 A0:  0.813812866 -0.469855672  0.341971148 

 10000.0 22+20      S2 O1 A0: 1 1 1 

 10000.0 22+20      S2 O2 A0:  0.832441317 -0.448015319  0.326073195 

 10000.0 22+20      S2 O2 A0: 1 1 1 

 10000.0 16-20      S2 O0 A0: -0.469846310 -0.813797681 -0.342020143 

 10000.0 16-20      S2 O0 A0: 1 1 1 

 10000.0 16-20      S2 O1 A0: -0.469761146 -0.813839081 -0.342038616 

 10000.0 16-20      S2 O1 A0: 1 1 1 

 10000.0 16-20      S2 O2 A0: -0.423495786 -0.835139077 -0.350990086 

 10000.0 16-20      S2 O2 A0: 1 1 1 

 10000.0 SUN        S0 O0 A0: -0.002272249 -0.923499519 -0.383592850 

 10000.0 SUN        S0 O0 A0: 1 1 1 

 10000.0 SUN        S0 O1 A0: -0.002190591 -0.923499225 -0.383594035 

 10000.0 SUN        S0 O1 A0: 1 1 1 

 10000.0 SUN        S0 O2 A0:  0.055571408 -0.922074517 -0.383001832 

 10000.0 SUN        S0 O2 A0: 1 1 1 

 10000.0 EARTH      S0 O0 A0: -0.528989350 -0.778649762 -0.337453427 

 10000.0 EARTH      S0 O0 A0: 1 1 1 

 10000.0 EARTH      S0 O1 A0: -0.528907219 -0.778696568 -0.337474161 

 10000.0 EARTH      S0 O1 A0: 1 1 1 

 10000.0 EARTH      S0 O2 A0: -0.485997765 -0.801892482 -0.347526429 

 10000.0 EARTH      S0 O2 A0: 1 1 1 

-10000.0 22+20      S2 O0 A1:  0.813798 -0.469846  0.342020 

-10000.0 22+20      S2 O0 A1: 1 1 1 

-10000.0 22+20      S2 O1 A1:  0.813836 -0.469764  0.342044 

-10000.0 22+20      S2 O1 A1: 1 1 1 

-10000.0 22+20      S2 O2 A1:  0.832464 -0.447923  0.326143 

-10000.0 22+20      S2 O2 A1: 1 1 1 

-10000.0 16-20      S2 O0 A1: -0.469846 -0.813798 -0.342020 

-10000.0 16-20      S2 O0 A1: 1 1 1 

-10000.0 16-20      S2 O1 A1: -0.469835 -0.813804 -0.342021 

-10000.0 16-20      S2 O1 A1: 1 1 1 

-10000.0 16-20      S2 O2 A1: -0.423570 -0.835108 -0.350975 

-10000.0 16-20      S2 O2 A1: 1 1 1 

-10000.0 SUN        S0 O0 A1: -0.002224  0.916090  0.400968 

-10000.0 SUN        S0 O0 A1: 1 1 1 

-10000.0 SUN        S0 O1 A1: -0.002167  0.916090  0.400968 

-10000.0 SUN        S0 O1 A1: 1 1 1 

-10000.0 SUN        S0 O2 A1:  0.055594  0.914675  0.400348 

-10000.0 SUN        S0 O2 A1: 1 1 1 

-10000.0 EARTH      S0 O0 A1:  0.801882 -0.548172 -0.237682 

-10000.0 EARTH      S0 O0 A1: 1 1 1 

-10000.0 EARTH      S0 O1 A1:  0.801939 -0.548101 -0.237651 

-10000.0 EARTH      S0 O1 A1: 1 1 1 

-10000.0 EARTH      S0 O2 A1:  0.821642 -0.522962 -0.226751 

-10000.0 EARTH      S0 O2 A1: 1 1 1 

     0.0 22+20      S2 O0 A1:  0.813798 -0.469846  0.342020 

     0.0 22+20      S2 O0 A1: 1 1 1 

     0.0 22+20      S2 O1 A1:  0.813760 -0.469898  0.342038 

     0.0 22+20      S2 O1 A1: 1 1 1 

     0.0 22+20      S2 O2 A1:  0.832393 -0.448057  0.326139 

     0.0 22+20      S2 O2 A1: 1 1 1 

     0.0 16-20      S2 O0 A1: -0.469846 -0.813798 -0.342020 

     0.0 16-20      S2 O0 A1: 1 1 1 

     0.0 16-20      S2 O1 A1: -0.469915 -0.813764 -0.342006 

     0.0 16-20      S2 O1 A1: 1 1 1 

     0.0 16-20      S2 O2 A1: -0.423660 -0.835069 -0.350960 

     0.0 16-20      S2 O2 A1: 1 1 1 

     0.0 SUN        S0 O0 A1: -0.930944 -0.344822 -0.120170 

     0.0 SUN        S0 O0 A1: 1 1 1 

     0.0 SUN        S0 O1 A1: -0.930951 -0.344805 -0.120166 

     0.0 SUN        S0 O1 A1: 1 1 1 

     0.0 SUN        S0 O2 A1: -0.922813 -0.363788 -0.126782 

     0.0 SUN        S0 O2 A1: 1 1 1 

     0.0 EARTH      S0 O0 A1: -0.187669  0.901097  0.390902 

     0.0 EARTH      S0 O0 A1: 1 1 1 

     0.0 EARTH      S0 O1 A1: -0.187767  0.901080  0.390895 

     0.0 EARTH      S0 O1 A1: 1 1 1 

     0.0 EARTH      S0 O2 A1: -0.131438  0.909438  0.394521 

     0.0 EARTH      S0 O2 A1: 1 1 1 

 10000.0 22+20      S2 O0 A1:  0.813798 -0.469846  0.342020 

 10000.0 22+20      S2 O0 A1: 1 1 1 

 10000.0 22+20      S2 O1 A1:  0.813813 -0.469856  0.341971 

 10000.0 22+20      S2 O1 A1: 1 1 1 

 10000.0 22+20      S2 O2 A1:  0.832441 -0.448015  0.326073 

 10000.0 22+20      S2 O2 A1: 1 1 1 

 10000.0 16-20      S2 O0 A1: -0.469846 -0.813798 -0.342020 

 10000.0 16-20      S2 O0 A1: 1 1 1 

 10000.0 16-20      S2 O1 A1: -0.469761 -0.813839 -0.342039 

 10000.0 16-20      S2 O1 A1: 1 1 1 

 10000.0 16-20      S2 O2 A1: -0.423496 -0.835139 -0.350990 

 10000.0 16-20      S2 O2 A1: 1 1 1 

 10000.0 SUN        S0 O0 A1: -0.002283 -0.923500 -0.383593 

 10000.0 SUN        S0 O0 A1: 1 1 1 

 10000.0 SUN        S0 O1 A1: -0.002201 -0.923499 -0.383594 

 10000.0 SUN        S0 O1 A1: 1 1 1 

 10000.0 SUN        S0 O2 A1:  0.055561 -0.922075 -0.383002 

 10000.0 SUN        S0 O2 A1: 1 1 1 

 10000.0 EARTH      S0 O0 A1: -0.529131 -0.778569 -0.337418 

 10000.0 EARTH      S0 O0 A1: 1 1 1 

 10000.0 EARTH      S0 O1 A1: -0.529049 -0.778615 -0.337439 

 10000.0 EARTH      S0 O1 A1: 1 1 1 

 10000.0 EARTH      S0 O2 A1: -0.486148 -0.801816 -0.347493 

 10000.0 EARTH      S0 O2 A1: 1 1 1 

 10000.0 22+20      S2 O0 A1:  0.813798 -0.469846  0.342020 

 10000.0 22+20      S2 O0 A1: 1 1 1 

 10000.0 22+20      S2 O1 A1:  0.813813 -0.469856  0.341971 

 10000.0 22+20      S2 O1 A1: 1 1 1 

 10000.0 22+20      S2 O2 A1:  0.832441 -0.448015  0.326073 

 10000.0 22+20      S2 O2 A1: 1 1 1 

 10000.0 16-20      S2 O0 A1: -0.469846 -0.813798 -0.342020 

 10000.0 16-20      S2 O0 A1: 1 1 1 

 10000.0 16-20      S2 O1 A1: -0.469761 -0.813839 -0.342039 

 10000.0 16-20      S2 O1 A1: 1 1 1 

 10000.0 16-20      S2 O2 A1: -0.423496 -0.835139 -0.350990 

 10000.0 16-20      S2 O2 A1: 1 1 1 

 10000.0 SUN        S0 O0 A1: -0.002283 -0.923500 -0.383593 

 10000.0 SUN        S0 O0 A1: 1 1 1 

 10000.0 SUN        S0 O1 A1: -0.002201 -0.923499 -0.383594 

 10000.0 SUN        S0 O1 A1: 1 1 1 

 10000.0 SUN        S0 O2 A1:  0.055561 -0.922075 -0.383002 

 10000.0 SUN        S0 O2 A1: 1 1 1 

 10000.0 EARTH      S0 O0 A1: -0.529131 -0.778569 -0.337418 

 10000.0 EARTH      S0 O0 A1: 1 1 1 

 10000.0 EARTH      S0 O1 A1: -0.529049 -0.778615 -0.337439 

 10000.0 EARTH      S0 O1 A1: 1 1 1 

 10000.0 EARTH      S0 O2 A1: -0.486148 -0.801816 -0.347493 

 10000.0 EARTH      S0 O2 A1: 1 1 1 

 10000.0 22+20      S2 O0 A1:  0.813798 -0.469846  0.342020 

 10000.0 22+20      S2 O0 A1: 1 1 1 

 10000.0 22+20      S2 O1 A1:  0.813813 -0.469856  0.341971 

 10000.0 22+20      S2 O1 A1: 1 1 1 

 10000.0 22+20      S2 O2 A1:  0.832441 -0.448015  0.326073 

 10000.0 22+20      S2 O2 A1: 1 1 1 

 10000.0 16-20      S2 O0 A1: -0.469846 -0.813798 -0.342020 

 10000.0 16-20      S2 O0 A1: 1 1 1 

 10000.0 16-20      S2 O1 A1: -0.469761 -0.813839 -0.342039 

 10000.0 16-20      S2 O1 A1: 1 1 1 

 10000.0 16-20      S2 O2 A1: -0.423496 -0.835139 -0.350990 

 10000.0 16-20      S2 O2 A1: 1 1 1 

 10000.0 SUN        S0 O0 A1: -0.002272 -0.923500 -0.383593 

 10000.0 SUN        S0 O0 A1: 1 1 1 

 10000.0 SUN        S0 O1 A1: -0.002191 -0.923499 -0.383594 

 10000.0 SUN        S0 O1 A1: 1 1 1 

 10000.0 SUN        S0 O2 A1:  0.055571 -0.922075 -0.383002 

 10000.0 SUN        S0 O2 A1: 1 1 1 

 10000.0 EARTH      S0 O0 A1: -0.528989 -0.778650 -0.337453 

 10000.0 EARTH      S0 O0 A1: 1 1 1 

 10000.0 EARTH      S0 O1 A1: -0.528907 -0.778697 -0.337474 

 10000.0 EARTH      S0 O1 A1: 1 1 1 

 10000.0 EARTH      S0 O2 A1: -0.485998 -0.801892 -0.347526 

 10000.0 EARTH      S0 O2 A1: 1 1 1 
