  -10000.000 A0:  1972 08 15  12.000000   0.000000 
  -10000.000 A0: 2460350.039750 2416266.459208 2492400.966101  1972 08 15  12.000000 
       0.000 A0:  2000 01 01  12.000000   0.000000 
       0.000 A0: 2460350.039750 2416266.459208 2492400.966101  2000 01 01  12.000000 
   10000.000 A0:  2027 05 19  12.000000   0.000000 
   10000.000 A0: 2460350.039750 2416266.459208 2492400.966101  2027 05 19  12.000000 
   10000.000 A0:  2027 05 19  12.000000   0.000000 
   10000.000 A0: 2460350.039750 2416266.459208 2492400.966101  2027 05 19  12.000000 
   10000.010 A0:  2027 05 19  12.240000   0.240000 
   10000.010 A0: 2460350.039750 2416266.459208 2492400.966101  2027 05 19  12.240000 
