  -10000.000 A0: 2 -0.023103017 2 -0.023103017 
       0.000 A0: 2 -0.000236403 2 -0.000236403 
   10000.000 A0: 2  0.023566385 2  0.023566385 
   10000.000 A0: 2  0.023566385 2  0.023566385 
   10000.010 A0: 2  0.023566416 2  0.023566416 
  -10000.000 A1: 2 -0.023103017 2 -0.023103017 
       0.000 A1: 2 -0.000236402 2 -0.000236402 
   10000.000 A1: 2  0.023566385 2  0.023566385 
   10000.000 A1: 2  0.023566385 2  0.023566385 
   10000.010 A1: 2  0.023566416 2  0.023566416 
