  -10000.000: 1 -0.000000054   -10000.000: 1 -0.000000054 
       0.000: 1  0.000000037        0.000: 1  0.000000037 
   10000.000: 1 -0.000000028    10000.000: 1 -0.000000028 