-10000.0 A0:  0.999996545  0.000000127  0.002628773 -0.000000096  1.000000000 -0.000011744 -0.002628773  0.000011744  0.999996545 
     0.0 A0:  0.999999998 -0.000061819 -0.000000081  0.000061819  0.999999998 -0.000000033  0.000000081  0.000000033  1.000000000 
 10000.0 A0:  0.999996407  0.000000133 -0.002680797 -0.000000192  1.000000000 -0.000022249  0.002680797  0.000022249  0.999996406 
-10000.0 A1:  0.999997  0.000000  0.002629 -0.000000  1.000000 -0.000012 -0.002629  0.000012  0.999997 
     0.0 A1:  1.000000 -0.000062 -0.000000  0.000062  1.000000 -0.000000  0.000000  0.000000  1.000000 
 10000.0 A1:  0.999996  0.000000 -0.002681 -0.000000  1.000000 -0.000022  0.002681  0.000022  0.999996 
