  -10000.000 A0: -1 -0.023103018 
       0.000 A0: -1 -0.000236402 
   10000.000 A0: -1  0.023566385 
   10000.000 A0: -1  0.023566385 
   10000.010 A0: -1  0.023566415 
  -10000.000 A1: -1 -0.023103    
       0.000 A1: -1 -0.000236    
   10000.000 A1: -1  0.023566    
   10000.000 A1: -1  0.023566    
   10000.010 A1: -1  0.023566    
