  -10000.000 A0:    23.442841    23.443966     1.003857    16.415275     4.048548
       0.000 A0:    23.439279    23.437677    -0.852015   -13.931964    -5.769382
   10000.000 A0:    23.435717    23.437466     0.648421    10.602876     6.295088
   10000.000 A0:    23.435717    23.437466     0.648421    10.602876     6.295088
   10000.010 A0:    23.435717    23.437466     0.648446    10.603298     6.294377
  -10000.000 A1:    23.443       23.444        1.004       16.414        4.049
       0.000 A1:    23.439       23.438       -0.852      -13.932       -5.769
   10000.000 A1:    23.436       23.437        0.648       10.602        6.295
   10000.000 A1:    23.436       23.437        0.648       10.602        6.295
   10000.010 A1:    23.436       23.437        0.648       10.603        6.295
