
-10000.0 22+20      S2 O0 A0: mean  0.813797681 -0.567131224  0.126868075 

-10000.0 22+20      S2 O0 A0: true  0.813797681 -0.567133714  0.126856944 

-10000.0 22+20      S2 O0 A0: gcrs  0.813797631 -0.567123398  0.126903380 

-10000.0 16-20      S2 O0 A0: mean -0.469846310 -0.610557471 -0.637545308 

-10000.0 16-20      S2 O0 A0: true -0.469846310 -0.610544957 -0.637557292 

-10000.0 16-20      S2 O0 A0: gcrs -0.469846302 -0.610597050 -0.637507407 

     0.0 22+20      S2 O0 A0: mean  0.813797681 -0.567123336  0.126903333 

     0.0 22+20      S2 O0 A0: true  0.813797681 -0.567119786  0.126919196 

     0.0 22+20      S2 O0 A0: gcrs  0.813797631 -0.567123398  0.126903380 

     0.0 16-20      S2 O0 A0: mean -0.469846310 -0.610597105 -0.637507349 

     0.0 16-20      S2 O0 A0: true -0.469846310 -0.610614936 -0.637490270 

     0.0 16-20      S2 O0 A0: gcrs -0.469846302 -0.610597050 -0.637507407 

 10000.0 22+20      S2 O0 A0: mean  0.813797681 -0.567115445  0.126938590 

 10000.0 22+20      S2 O0 A0: true  0.813797681 -0.567119319  0.126921282 

 10000.0 22+20      S2 O0 A0: gcrs  0.813797631 -0.567123398  0.126903380 

 10000.0 16-20      S2 O0 A0: mean -0.469846310 -0.610636736 -0.637469388 

 10000.0 16-20      S2 O0 A0: true -0.469846310 -0.610617281 -0.637488024 

 10000.0 16-20      S2 O0 A0: gcrs -0.469846302 -0.610597050 -0.637507407 

 10000.0 22+20      S2 O0 A0: mean  0.813797681 -0.567115445  0.126938590 

 10000.0 22+20      S2 O0 A0: true  0.813797681 -0.567119319  0.126921282 

 10000.0 22+20      S2 O0 A0: gcrs  0.813797631 -0.567123398  0.126903380 

 10000.0 16-20      S2 O0 A0: mean -0.469846310 -0.610636736 -0.637469388 

 10000.0 16-20      S2 O0 A0: true -0.469846310 -0.610617281 -0.637488024 

 10000.0 16-20      S2 O0 A0: gcrs -0.469846302 -0.610597050 -0.637507407 

 10000.0 22+20      S2 O0 A0: mean  0.813797681 -0.567115445  0.126938590 

 10000.0 22+20      S2 O0 A0: true  0.813797681 -0.567119319  0.126921284 

 10000.0 22+20      S2 O0 A0: gcrs  0.813797631 -0.567123398  0.126903380 

 10000.0 16-20      S2 O0 A0: mean -0.469846310 -0.610636736 -0.637469388 

 10000.0 16-20      S2 O0 A0: true -0.469846310 -0.610617283 -0.637488022 

 10000.0 16-20      S2 O0 A0: gcrs -0.469846302 -0.610597050 -0.637507407 

-10000.0 22+20      S2 O0 A1: mean  0.813798 -0.567131  0.126868 

-10000.0 22+20      S2 O0 A1: true  0.813798 -0.567134  0.126857 

-10000.0 22+20      S2 O0 A1: gcrs  0.813798 -0.567123  0.126903 

-10000.0 16-20      S2 O0 A1: mean -0.469846 -0.610557 -0.637545 

-10000.0 16-20      S2 O0 A1: true -0.469846 -0.610545 -0.637557 

-10000.0 16-20      S2 O0 A1: gcrs -0.469846 -0.610597 -0.637507 

     0.0 22+20      S2 O0 A1: mean  0.813798 -0.567123  0.126903 

     0.0 22+20      S2 O0 A1: true  0.813798 -0.567120  0.126919 

     0.0 22+20      S2 O0 A1: gcrs  0.813798 -0.567123  0.126903 

     0.0 16-20      S2 O0 A1: mean -0.469846 -0.610597 -0.637507 

     0.0 16-20      S2 O0 A1: true -0.469846 -0.610615 -0.637490 

     0.0 16-20      S2 O0 A1: gcrs -0.469846 -0.610597 -0.637507 

 10000.0 22+20      S2 O0 A1: mean  0.813798 -0.567115  0.126939 

 10000.0 22+20      S2 O0 A1: true  0.813798 -0.567119  0.126921 

 10000.0 22+20      S2 O0 A1: gcrs  0.813798 -0.567123  0.126903 

 10000.0 16-20      S2 O0 A1: mean -0.469846 -0.610637 -0.637469 

 10000.0 16-20      S2 O0 A1: true -0.469846 -0.610617 -0.637488 

 10000.0 16-20      S2 O0 A1: gcrs -0.469846 -0.610597 -0.637507 

 10000.0 22+20      S2 O0 A1: mean  0.813798 -0.567115  0.126939 

 10000.0 22+20      S2 O0 A1: true  0.813798 -0.567119  0.126921 

 10000.0 22+20      S2 O0 A1: gcrs  0.813798 -0.567123  0.126903 

 10000.0 16-20      S2 O0 A1: mean -0.469846 -0.610637 -0.637469 

 10000.0 16-20      S2 O0 A1: true -0.469846 -0.610617 -0.637488 

 10000.0 16-20      S2 O0 A1: gcrs -0.469846 -0.610597 -0.637507 

 10000.0 22+20      S2 O0 A1: mean  0.813798 -0.567115  0.126939 

 10000.0 22+20      S2 O0 A1: true  0.813798 -0.567119  0.126921 

 10000.0 22+20      S2 O0 A1: gcrs  0.813798 -0.567123  0.126903 

 10000.0 16-20      S2 O0 A1: mean -0.469846 -0.610637 -0.637469 

 10000.0 16-20      S2 O0 A1: true -0.469846 -0.610617 -0.637488 

 10000.0 16-20      S2 O0 A1: gcrs -0.469846 -0.610597 -0.637507 
