  -10000.000 A0: A0    -0.002454
       0.000 A0: A0     0.002107
   10000.000 A0: A0    -0.001902
   10000.000 A0: A0    -0.001902
   10000.010 A0: A0    -0.001902
  -10000.000 A1: A1    -0.002454
       0.000 A1: A1     0.002106
   10000.000 A1: A1    -0.001899
   10000.000 A1: A1    -0.001899
   10000.010 A1: A1    -0.001899
