  -10000.000 A0:   144.337737
       0.000 A0:   280.460618
   10000.000 A0:    56.583499
   10000.000 A0:    56.583499
   10000.010 A0:    60.193355
  -10000.000 A1:   144.337737
       0.000 A1:   280.460618
   10000.000 A1:    56.583499
   10000.000 A1:    56.583499
   10000.010 A1:    60.193355
