
-10000.0 22+20      S2 O0 A0:  0.813797621 -0.469846379  0.342020193 

-10000.0 22+20      S2 O1 A0:  0.813797621 -0.469846379  0.342020193 

-10000.0 22+20      S2 O2 A0:  0.813797621 -0.469846379  0.342020193 

-10000.0 16-20      S2 O0 A0: -0.469846340 -0.813797637 -0.342020208 

-10000.0 16-20      S2 O1 A0: -0.469846340 -0.813797637 -0.342020208 

-10000.0 16-20      S2 O2 A0: -0.469846340 -0.813797637 -0.342020208 

-10000.0 SUN        S0 O0 A0: -0.002224351  0.916089507  0.400967664 

-10000.0 SUN        S0 O1 A0: -0.002224351  0.916089507  0.400967664 

-10000.0 SUN        S0 O2 A0: -0.002224351  0.916089507  0.400967664 

-10000.0 EARTH      S0 O0 A0:  0.801881629 -0.548172474 -0.237682125 

-10000.0 EARTH      S0 O1 A0:  0.801881629 -0.548172474 -0.237682125 

-10000.0 EARTH      S0 O2 A0:  0.801881629 -0.548172474 -0.237682125 

     0.0 22+20      S2 O0 A0:  0.813797621 -0.469846379  0.342020193 

     0.0 22+20      S2 O1 A0:  0.813797621 -0.469846379  0.342020193 

     0.0 22+20      S2 O2 A0:  0.813797621 -0.469846379  0.342020193 

     0.0 16-20      S2 O0 A0: -0.469846340 -0.813797637 -0.342020208 

     0.0 16-20      S2 O1 A0: -0.469846340 -0.813797637 -0.342020208 

     0.0 16-20      S2 O2 A0: -0.469846340 -0.813797637 -0.342020208 

     0.0 SUN        S0 O0 A0: -0.930944078 -0.344821950 -0.120170493 

     0.0 SUN        S0 O1 A0: -0.930944078 -0.344821950 -0.120170493 

     0.0 SUN        S0 O2 A0: -0.930944078 -0.344821950 -0.120170493 

     0.0 EARTH      S0 O0 A0: -0.187669221  0.901096981  0.390902155 

     0.0 EARTH      S0 O1 A0: -0.187669221  0.901096981  0.390902155 

     0.0 EARTH      S0 O2 A0: -0.187669221  0.901096981  0.390902155 

 10000.0 22+20      S2 O0 A0:  0.813797621 -0.469846379  0.342020193 

 10000.0 22+20      S2 O1 A0:  0.813797621 -0.469846379  0.342020193 

 10000.0 22+20      S2 O2 A0:  0.813797621 -0.469846379  0.342020193 

 10000.0 16-20      S2 O0 A0: -0.469846340 -0.813797637 -0.342020208 

 10000.0 16-20      S2 O1 A0: -0.469846340 -0.813797637 -0.342020208 

 10000.0 16-20      S2 O2 A0: -0.469846340 -0.813797637 -0.342020208 

 10000.0 SUN        S0 O0 A0: -0.002282676 -0.923499522 -0.383592783 

 10000.0 SUN        S0 O1 A0: -0.002282676 -0.923499522 -0.383592783 

 10000.0 SUN        S0 O2 A0: -0.002282676 -0.923499522 -0.383592783 

 10000.0 EARTH      S0 O0 A0: -0.529131372 -0.778568489 -0.337418285 

 10000.0 EARTH      S0 O1 A0: -0.529131372 -0.778568489 -0.337418285 

 10000.0 EARTH      S0 O2 A0: -0.529131372 -0.778568489 -0.337418285 

 10000.0 22+20      S2 O0 A0:  0.813797621 -0.469846379  0.342020193 

 10000.0 22+20      S2 O1 A0:  0.813797621 -0.469846379  0.342020193 

 10000.0 22+20      S2 O2 A0:  0.813797621 -0.469846379  0.342020193 

 10000.0 16-20      S2 O0 A0: -0.469846340 -0.813797637 -0.342020208 

 10000.0 16-20      S2 O1 A0: -0.469846340 -0.813797637 -0.342020208 

 10000.0 16-20      S2 O2 A0: -0.469846340 -0.813797637 -0.342020208 

 10000.0 SUN        S0 O0 A0: -0.002282676 -0.923499522 -0.383592783 

 10000.0 SUN        S0 O1 A0: -0.002282676 -0.923499522 -0.383592783 

 10000.0 SUN        S0 O2 A0: -0.002282676 -0.923499522 -0.383592783 

 10000.0 EARTH      S0 O0 A0: -0.529131372 -0.778568489 -0.337418285 

 10000.0 EARTH      S0 O1 A0: -0.529131372 -0.778568489 -0.337418285 

 10000.0 EARTH      S0 O2 A0: -0.529131372 -0.778568489 -0.337418285 

-10000.0 22+20      S2 O0 A1:  0.813798 -0.469846  0.342020 

-10000.0 22+20      S2 O1 A1:  0.813798 -0.469846  0.342020 

-10000.0 22+20      S2 O2 A1:  0.813798 -0.469846  0.342020 

-10000.0 16-20      S2 O0 A1: -0.469846 -0.813798 -0.342020 

-10000.0 16-20      S2 O1 A1: -0.469846 -0.813798 -0.342020 

-10000.0 16-20      S2 O2 A1: -0.469846 -0.813798 -0.342020 

-10000.0 SUN        S0 O0 A1: -0.002224  0.916090  0.400968 

-10000.0 SUN        S0 O1 A1: -0.002224  0.916090  0.400968 

-10000.0 SUN        S0 O2 A1: -0.002224  0.916090  0.400968 

-10000.0 EARTH      S0 O0 A1:  0.801882 -0.548172 -0.237682 

-10000.0 EARTH      S0 O1 A1:  0.801882 -0.548172 -0.237682 

-10000.0 EARTH      S0 O2 A1:  0.801882 -0.548172 -0.237682 

     0.0 22+20      S2 O0 A1:  0.813798 -0.469846  0.342020 

     0.0 22+20      S2 O1 A1:  0.813798 -0.469846  0.342020 

     0.0 22+20      S2 O2 A1:  0.813798 -0.469846  0.342020 

     0.0 16-20      S2 O0 A1: -0.469846 -0.813798 -0.342020 

     0.0 16-20      S2 O1 A1: -0.469846 -0.813798 -0.342020 

     0.0 16-20      S2 O2 A1: -0.469846 -0.813798 -0.342020 

     0.0 SUN        S0 O0 A1: -0.930944 -0.344822 -0.120170 

     0.0 SUN        S0 O1 A1: -0.930944 -0.344822 -0.120170 

     0.0 SUN        S0 O2 A1: -0.930944 -0.344822 -0.120170 

     0.0 EARTH      S0 O0 A1: -0.187669  0.901097  0.390902 

     0.0 EARTH      S0 O1 A1: -0.187669  0.901097  0.390902 

     0.0 EARTH      S0 O2 A1: -0.187669  0.901097  0.390902 

 10000.0 22+20      S2 O0 A1:  0.813798 -0.469846  0.342020 

 10000.0 22+20      S2 O1 A1:  0.813798 -0.469846  0.342020 

 10000.0 22+20      S2 O2 A1:  0.813798 -0.469846  0.342020 

 10000.0 16-20      S2 O0 A1: -0.469846 -0.813798 -0.342020 

 10000.0 16-20      S2 O1 A1: -0.469846 -0.813798 -0.342020 

 10000.0 16-20      S2 O2 A1: -0.469846 -0.813798 -0.342020 

 10000.0 SUN        S0 O0 A1: -0.002283 -0.923500 -0.383593 

 10000.0 SUN        S0 O1 A1: -0.002283 -0.923500 -0.383593 

 10000.0 SUN        S0 O2 A1: -0.002283 -0.923500 -0.383593 

 10000.0 EARTH      S0 O0 A1: -0.529131 -0.778568 -0.337418 

 10000.0 EARTH      S0 O1 A1: -0.529131 -0.778568 -0.337418 

 10000.0 EARTH      S0 O2 A1: -0.529131 -0.778568 -0.337418 

 10000.0 22+20      S2 O0 A1:  0.813798 -0.469846  0.342020 

 10000.0 22+20      S2 O1 A1:  0.813798 -0.469846  0.342020 

 10000.0 22+20      S2 O2 A1:  0.813798 -0.469846  0.342020 

 10000.0 16-20      S2 O0 A1: -0.469846 -0.813798 -0.342020 

 10000.0 16-20      S2 O1 A1: -0.469846 -0.813798 -0.342020 

 10000.0 16-20      S2 O2 A1: -0.469846 -0.813798 -0.342020 

 10000.0 SUN        S0 O0 A1: -0.002283 -0.923500 -0.383593 

 10000.0 SUN        S0 O1 A1: -0.002283 -0.923500 -0.383593 

 10000.0 SUN        S0 O2 A1: -0.002283 -0.923500 -0.383593 

 10000.0 EARTH      S0 O0 A1: -0.529131 -0.778568 -0.337418 

 10000.0 EARTH      S0 O1 A1: -0.529131 -0.778568 -0.337418 

 10000.0 EARTH      S0 O2 A1: -0.529131 -0.778568 -0.337418 
