  -10000.000 A0: current    16.415313     4.048559 
  -10000.000 A0: future    -11.647355     6.603869 
       0.000 A0: current   -13.931996    -5.769398 
       0.000 A0: future     12.147362    -5.618381 
   10000.000 A0: current    10.602901     6.295105 
   10000.000 A0: future    -13.980345     5.026348 
   10000.000 A0: current    10.602901     6.295105 
   10000.000 A0: future    -13.980345     5.026348 
   10000.010 A0: current    10.603323     6.294395 
   10000.010 A0: future    -13.979855     5.026364 
  -10000.000 A1: current    16.415313     4.048559 
  -10000.000 A1: future    -11.647355     6.603869 
       0.000 A1: current   -13.931996    -5.769398 
       0.000 A1: future     12.147362    -5.618381 
   10000.000 A1: current    10.602901     6.295105 
   10000.000 A1: future    -13.980345     5.026348 
   10000.000 A1: current    10.602901     6.295105 
   10000.000 A1: future    -13.980345     5.026348 
   10000.010 A1: current    10.603323     6.294395 
   10000.010 A1: future    -13.979855     5.026364 
