  -10000.000 A0: current    16.414717     4.048687 
  -10000.000 A0: future    -11.647643     6.603892 
       0.000 A0: current   -13.931161    -5.769544 
       0.000 A0: future     12.146815    -5.618220 
   10000.000 A0: current    10.602703     6.295280 
   10000.000 A0: future    -13.980387     5.026586 
   10000.000 A0: current    10.602703     6.295280 
   10000.000 A0: future    -13.980387     5.026586 
   10000.010 A0: current    10.603126     6.294569 
   10000.010 A0: future    -13.979898     5.026602 
  -10000.000 A1: current    16.414717     4.048687 
  -10000.000 A1: future    -11.647643     6.603892 
       0.000 A1: current   -13.931161    -5.769544 
       0.000 A1: future     12.146815    -5.618220 
   10000.000 A1: current    10.602703     6.295280 
   10000.000 A1: future    -13.980387     5.026586 
   10000.000 A1: current    10.602703     6.295280 
   10000.000 A1: future    -13.980387     5.026586 
   10000.010 A1: current    10.603126     6.294569 
   10000.010 A1: future    -13.979898     5.026602 
