  -10000.000 A0:  0.023381867  0.023103017
       0.000 A0: -0.000000269  0.000236403
   10000.000 A0: -0.023386268 -0.023566385
   10000.000 A0: -0.023386268 -0.023566385
   10000.010 A0: -0.023386291 -0.023566416
  -10000.000 A1:  0.023381867  0.023103017
       0.000 A1: -0.000000269  0.000236402
   10000.000 A1: -0.023386268 -0.023566385
   10000.000 A1: -0.023386268 -0.023566385
   10000.010 A1: -0.023386291 -0.023566416
