
-10000.0 22+20      S2 O0 A0:          nan          nan 

-10000.0 22+20      S2 O1 A0:   145.977105 60365.587210 

-10000.0 22+20      S2 O2 A0:   132.709500 5730086.073320 

-10000.0 16-20      S2 O0 A0:          nan          nan 

-10000.0 16-20      S2 O1 A0:    98.660449 40799.159828 

-10000.0 16-20      S2 O2 A0:    44.935094 1940193.009110 

-10000.0 SUN        S0 O0 A0:          nan          nan 

-10000.0 SUN        S0 O1 A0:    53.181239 21992.554981 

-10000.0 SUN        S0 O2 A0:   106.901484 4615756.460998 

-10000.0 EARTH      S0 O0 A0:          nan          nan 

-10000.0 EARTH      S0 O1 A0:   179.996872 74433.472825 

-10000.0 EARTH      S0 O2 A0:   126.255303 5451408.975089 

     0.0 22+20      S2 O0 A0:          nan          nan 

     0.0 22+20      S2 O1 A0:    63.740570 25620.837107 

     0.0 22+20      S2 O2 A0:   132.008697 5674118.310054 

     0.0 16-20      S2 O0 A0:          nan          nan 

     0.0 16-20      S2 O1 A0:    38.844362 15614.073723 

     0.0 16-20      S2 O2 A0:    43.958133 1889449.259984 

     0.0 SUN        S0 O0 A0:          nan          nan 

     0.0 SUN        S0 O1 A0:    79.454498 31936.881649 

     0.0 SUN        S0 O2 A0:     3.345607 143804.903452 

     0.0 EARTH      S0 O0 A0:          nan          nan 

     0.0 EARTH      S0 O1 A0:   179.995731 72348.349421 

     0.0 EARTH      S0 O2 A0:    97.198319 4177867.129009 

 10000.0 22+20      S2 O0 A0:          nan          nan 

 10000.0 22+20      S2 O1 A0:    79.616582 33090.934297 

 10000.0 22+20      S2 O2 A0:   132.637913 5652979.205634 

 10000.0 16-20      S2 O0 A0:          nan          nan 

 10000.0 16-20      S2 O1 A0:   176.037299 73164.937636 

 10000.0 16-20      S2 O2 A0:    44.853791 1911652.772455 

 10000.0 SUN        S0 O0 A0:          nan          nan 

 10000.0 SUN        S0 O1 A0:   148.171395 61583.418720 

 10000.0 SUN        S0 O2 A0:    72.730948 3099766.780016 

 10000.0 EARTH      S0 O0 A0:          nan          nan 

 10000.0 EARTH      S0 O1 A0:   179.997051 74810.674260 

 10000.0 EARTH      S0 O2 A0:    40.954021 1745446.051093 

 10000.0 22+20      S2 O0 A0:          nan          nan 

 10000.0 22+20      S2 O1 A0:    79.616582 33090.934297 

 10000.0 22+20      S2 O2 A0:   132.637913 5652979.205634 

 10000.0 16-20      S2 O0 A0:          nan          nan 

 10000.0 16-20      S2 O1 A0:   176.037299 73164.937636 

 10000.0 16-20      S2 O2 A0:    44.853791 1911652.772455 

 10000.0 SUN        S0 O0 A0:          nan          nan 

 10000.0 SUN        S0 O1 A0:   148.171395 61583.418720 

 10000.0 SUN        S0 O2 A0:    72.730948 3099766.780016 

 10000.0 EARTH      S0 O0 A0:          nan          nan 

 10000.0 EARTH      S0 O1 A0:   179.997051 74810.674260 

 10000.0 EARTH      S0 O2 A0:    40.954021 1745446.051093 

 10000.0 22+20      S2 O0 A0:          nan          nan 

 10000.0 22+20      S2 O1 A0:    79.624702 33094.369326 

 10000.0 22+20      S2 O2 A0:   132.637965 5652987.362360 

 10000.0 16-20      S2 O0 A0:          nan          nan 

 10000.0 16-20      S2 O1 A0:   176.046656 73168.959470 

 10000.0 16-20      S2 O2 A0:    44.853862 1911657.830259 

 10000.0 SUN        S0 O0 A0:          nan          nan 

 10000.0 SUN        S0 O1 A0:   148.180252 61587.212166 

 10000.0 SUN        S0 O2 A0:    72.731615 3099798.464335 

 10000.0 EARTH      S0 O0 A0:          nan          nan 

 10000.0 EARTH      S0 O1 A0:   179.997190 74810.868388 

 10000.0 EARTH      S0 O2 A0:    40.963676 1745859.358595 

-10000.0 22+20      S2 O0 A1:          nan          nan 

-10000.0 22+20      S2 O1 A1:   145.977105 60365.587210 

-10000.0 22+20      S2 O2 A1:   132.709500 5730086.073320 

-10000.0 16-20      S2 O0 A1:          nan          nan 

-10000.0 16-20      S2 O1 A1:    98.660449 40799.159828 

-10000.0 16-20      S2 O2 A1:    44.935094 1940193.009110 

-10000.0 SUN        S0 O0 A1:          nan          nan 

-10000.0 SUN        S0 O1 A1:    53.181239 21992.554981 

-10000.0 SUN        S0 O2 A1:   106.901484 4615756.460998 

-10000.0 EARTH      S0 O0 A1:          nan          nan 

-10000.0 EARTH      S0 O1 A1:   179.996872 74433.472825 

-10000.0 EARTH      S0 O2 A1:   126.255303 5451408.975089 

     0.0 22+20      S2 O0 A1:          nan          nan 

     0.0 22+20      S2 O1 A1:    63.740570 25620.837107 

     0.0 22+20      S2 O2 A1:   132.008697 5674118.310054 

     0.0 16-20      S2 O0 A1:          nan          nan 

     0.0 16-20      S2 O1 A1:    38.844362 15614.073723 

     0.0 16-20      S2 O2 A1:    43.958133 1889449.259984 

     0.0 SUN        S0 O0 A1:          nan          nan 

     0.0 SUN        S0 O1 A1:    79.454498 31936.881649 

     0.0 SUN        S0 O2 A1:     3.345607 143804.903452 

     0.0 EARTH      S0 O0 A1:          nan          nan 

     0.0 EARTH      S0 O1 A1:   179.995731 72348.349421 

     0.0 EARTH      S0 O2 A1:    97.198319 4177867.129009 

 10000.0 22+20      S2 O0 A1:          nan          nan 

 10000.0 22+20      S2 O1 A1:    79.616582 33090.934297 

 10000.0 22+20      S2 O2 A1:   132.637913 5652979.205634 

 10000.0 16-20      S2 O0 A1:          nan          nan 

 10000.0 16-20      S2 O1 A1:   176.037299 73164.937636 

 10000.0 16-20      S2 O2 A1:    44.853791 1911652.772455 

 10000.0 SUN        S0 O0 A1:          nan          nan 

 10000.0 SUN        S0 O1 A1:   148.171395 61583.418720 

 10000.0 SUN        S0 O2 A1:    72.730948 3099766.780016 

 10000.0 EARTH      S0 O0 A1:          nan          nan 

 10000.0 EARTH      S0 O1 A1:   179.997051 74810.674260 

 10000.0 EARTH      S0 O2 A1:    40.954021 1745446.051093 

 10000.0 22+20      S2 O0 A1:          nan          nan 

 10000.0 22+20      S2 O1 A1:    79.616582 33090.934297 

 10000.0 22+20      S2 O2 A1:   132.637913 5652979.205634 

 10000.0 16-20      S2 O0 A1:          nan          nan 

 10000.0 16-20      S2 O1 A1:   176.037299 73164.937636 

 10000.0 16-20      S2 O2 A1:    44.853791 1911652.772455 

 10000.0 SUN        S0 O0 A1:          nan          nan 

 10000.0 SUN        S0 O1 A1:   148.171395 61583.418720 

 10000.0 SUN        S0 O2 A1:    72.730948 3099766.780016 

 10000.0 EARTH      S0 O0 A1:          nan          nan 

 10000.0 EARTH      S0 O1 A1:   179.997051 74810.674260 

 10000.0 EARTH      S0 O2 A1:    40.954021 1745446.051093 

 10000.0 22+20      S2 O0 A1:          nan          nan 

 10000.0 22+20      S2 O1 A1:    79.624702 33094.369326 

 10000.0 22+20      S2 O2 A1:   132.637965 5652987.362360 

 10000.0 16-20      S2 O0 A1:          nan          nan 

 10000.0 16-20      S2 O1 A1:   176.046656 73168.959470 

 10000.0 16-20      S2 O2 A1:    44.853862 1911657.830259 

 10000.0 SUN        S0 O0 A1:          nan          nan 

 10000.0 SUN        S0 O1 A1:   148.180252 61587.212166 

 10000.0 SUN        S0 O2 A1:    72.731615 3099798.464335 

 10000.0 EARTH      S0 O0 A1:          nan          nan 

 10000.0 EARTH      S0 O1 A1:   179.997190 74810.868388 

 10000.0 EARTH      S0 O2 A1:    40.963676 1745859.358595 
