EARTH      0 3 
IO         1 501 
TEST       2 1234567890 
