1 10.034779682 -40.24577109 
1 19.032852319  30.07560838 
1  2.773331144  68.50429267 
