  -10000.000 A0: current     0.000080     0.000020 
  -10000.000 A0: future    -0.000056     0.000032 
       0.000 A0: current    -0.000068    -0.000028 
       0.000 A0: future     0.000059    -0.000027 
   10000.000 A0: current     0.000051     0.000031 
   10000.000 A0: future    -0.000068     0.000024 
   10000.000 A0: current     0.000051     0.000031 
   10000.000 A0: future    -0.000068     0.000024 
   10000.010 A0: current     0.000051     0.000031 
   10000.010 A0: future    -0.000068     0.000024 
  -10000.000 A1: current     0.000080     0.000020 
  -10000.000 A1: future    -0.000056     0.000032 
       0.000 A1: current    -0.000068    -0.000028 
       0.000 A1: future     0.000059    -0.000027 
   10000.000 A1: current     0.000051     0.000031 
   10000.000 A1: future    -0.000068     0.000024 
   10000.000 A1: current     0.000051     0.000031 
   10000.000 A1: future    -0.000068     0.000024 
   10000.010 A1: current     0.000051     0.000031 
   10000.010 A1: future    -0.000068     0.000024 
