  -10000.000 A0:            nan            nan            nan 
       0.000 A0:  0.80184132266 -0.54822872492 -0.23768836414 
   10000.000 A0: -0.18771974095  0.90107619827  0.39092580341 
   10000.000 A0: -0.52908777639 -0.77858316453 -0.33745278305 
   10000.010 A0: -0.52908777465 -0.77858316669 -0.33745278080 
  -10000.000 A1:  -0.5289218  -0.7786818  -0.3374855 
       0.000 A1:   0.8018413  -0.5482287  -0.2376884 
   10000.000 A1:  -0.1877197   0.9010762   0.3909258 
   10000.000 A1:  -0.5290878  -0.7785832  -0.3374528 
   10000.010 A1:  -0.5290878  -0.7785832  -0.3374528 
