-10000.0 A0:     9.599134     9.599134
     0.0 A0:    18.697375    18.697375
 10000.0 A0:     3.795620     3.795620
-10000.0 A1:     9.599134     9.599134
     0.0 A1:    18.697375    18.697375
 10000.0 A1:     3.795620     3.795620
