
-10000.0 22+20      S2 O0 A0: ERROR 43 

-10000.0 16-20      S2 O0 A0: ERROR 43 

-10000.0 SUN        S0 O0 A0: ERROR 33 

-10000.0 EARTH      S0 O0 A0: ERROR 33 

     0.0 22+20      S2 O0 A0: ERROR 43 

     0.0 16-20      S2 O0 A0: ERROR 43 

     0.0 SUN        S0 O0 A0: ERROR 33 

     0.0 EARTH      S0 O0 A0: ERROR 33 

 10000.0 22+20      S2 O0 A0: ERROR 43 

 10000.0 16-20      S2 O0 A0: ERROR 43 

 10000.0 SUN        S0 O0 A0: ERROR 33 

 10000.0 EARTH      S0 O0 A0: ERROR 33 

 10000.0 22+20      S2 O0 A0: ERROR 43 

 10000.0 16-20      S2 O0 A0: ERROR 43 

 10000.0 SUN        S0 O0 A0: ERROR 33 

 10000.0 EARTH      S0 O0 A0: ERROR 33 

 10000.0 22+20      S2 O0 A0: ERROR 43 

 10000.0 16-20      S2 O0 A0: ERROR 43 

 10000.0 SUN        S0 O0 A0: ERROR 33 

 10000.0 EARTH      S0 O0 A0: ERROR 33 

-10000.0 22+20      S2 O0 A1:  22.0004      20.0014     

-10000.0 16-20      S2 O0 A1:  16.0001     -20.0001     

-10000.0 SUN        S0 O0 A1:   9.6971      13.8136       1.012670   

-10000.0 EARTH      S0 O0 A1: ERROR 13 

     0.0 22+20      S2 O0 A1:  21.9997      20.0011     

     0.0 16-20      S2 O0 A1:  15.9997     -19.9991     

     0.0 SUN        S0 O0 A1:  18.7521     -23.0340       0.983326   

     0.0 EARTH      S0 O0 A1: ERROR 13 

 10000.0 22+20      S2 O0 A1:  22.0000      19.9970     

 10000.0 16-20      S2 O0 A1:  16.0004     -20.0011     

 10000.0 SUN        S0 O0 A1:   3.7105      19.6930       1.011622   

 10000.0 EARTH      S0 O0 A1: ERROR 13 

 10000.0 22+20      S2 O0 A1:  22.0000      19.9970     

 10000.0 16-20      S2 O0 A1:  16.0004     -20.0011     

 10000.0 SUN        S0 O0 A1:   3.7105      19.6930       1.011622   

 10000.0 EARTH      S0 O0 A1: ERROR 13 

 10000.0 22+20      S2 O0 A1:  22.0000      19.9970     

 10000.0 16-20      S2 O0 A1:  16.0004     -20.0011     

 10000.0 SUN        S0 O0 A1:   3.7112      19.6951       1.011624   

 10000.0 EARTH      S0 O0 A1: ERROR 13 
