
-10000.0 22+20      S2 O0 A0: ERROR 43 

-10000.0 16-20      S2 O0 A0: ERROR 43 

-10000.0 SUN        S0 O0 A0: ERROR 33 

-10000.0 EARTH      S0 O0 A0: ERROR 13 

     0.0 22+20      S2 O0 A0: ERROR 43 

     0.0 16-20      S2 O0 A0: ERROR 43 

     0.0 SUN        S0 O0 A0: ERROR 33 

     0.0 EARTH      S0 O0 A0: ERROR 13 

 10000.0 22+20      S2 O0 A0: ERROR 43 

 10000.0 16-20      S2 O0 A0: ERROR 43 

 10000.0 SUN        S0 O0 A0: ERROR 33 

 10000.0 EARTH      S0 O0 A0: ERROR 13 

 10000.0 22+20      S2 O0 A0: ERROR 43 

 10000.0 16-20      S2 O0 A0: ERROR 43 

 10000.0 SUN        S0 O0 A0: ERROR 33 

 10000.0 EARTH      S0 O0 A0: ERROR 13 

 10000.0 22+20      S2 O0 A0: ERROR 43 

 10000.0 16-20      S2 O0 A0: ERROR 43 

 10000.0 SUN        S0 O0 A0: ERROR 33 

 10000.0 EARTH      S0 O0 A0: ERROR 13 

-10000.0 22+20      S2 O0 A1:  22.0000      20.0000    

-10000.0 16-20      S2 O0 A1:  16.0000     -20.0000    

-10000.0 SUN        S0 O0 A1:   9.6975      13.8117       1.012670   

-10000.0 EARTH      S0 O0 A1: ERROR 13 

     0.0 22+20      S2 O0 A1:  22.0000      20.0000    

     0.0 16-20      S2 O0 A1:  16.0000     -20.0000    

     0.0 SUN        S0 O0 A1:  18.7525     -23.0335       0.983326   

     0.0 EARTH      S0 O0 A1: ERROR 13 

 10000.0 22+20      S2 O0 A1:  22.0000      20.0000    

 10000.0 16-20      S2 O0 A1:  16.0000     -20.0000    

 10000.0 SUN        S0 O0 A1:   3.7109      19.6942       1.011622   

 10000.0 EARTH      S0 O0 A1: ERROR 13 

 10000.0 22+20      S2 O0 A1:  22.0000      20.0000    

 10000.0 16-20      S2 O0 A1:  16.0000     -20.0000    

 10000.0 SUN        S0 O0 A1:   3.7109      19.6942       1.011622   

 10000.0 EARTH      S0 O0 A1: ERROR 13 

 10000.0 22+20      S2 O0 A1:  22.0000      20.0000    

 10000.0 16-20      S2 O0 A1:  16.0000     -20.0000    

 10000.0 SUN        S0 O0 A1:   3.7116      19.6964       1.011624   

 10000.0 EARTH      S0 O0 A1: ERROR 13 
