    0.999997    -0.000073     0.002629     0.000073     1.000000    -0.000011    -0.002629     0.000012     0.999997 
    1.000000     0.000062     0.000027    -0.000062     1.000000     0.000028    -0.000027    -0.000028     1.000000 
    0.999996    -0.000047    -0.002681     0.000047     1.000000    -0.000022     0.002681     0.000022     0.999996 
