  -10000.000 A0: -1 -0.023103017 
       0.000 A0: -1  0.000000269 
   10000.000 A0: -1  0.023566385 
   10000.000 A0: -1  0.023566385 
   10000.010 A0: -1  0.023566416 
  -10000.000 A1: -1 -0.023103    
       0.000 A1: -1  0.000000    
   10000.000 A1: -1  0.023566    
   10000.000 A1: -1  0.023566    
   10000.010 A1: -1  0.023566    
