  -10000.000 A0: 2 -0.023381867 2 -0.023381867 
       0.000 A0: 2  0.000000269 2  0.000000269 
   10000.000 A0: 2  0.023386268 2  0.023386268 
   10000.000 A0: 2  0.023386268 2  0.023386268 
   10000.010 A0: 2  0.023386291 2  0.023386291 
  -10000.000 A1: 2 -0.023382    2 -0.023382    
       0.000 A1: 2  0.000000    2  0.000000    
   10000.000 A1: 2  0.023386    2  0.023386    
   10000.000 A1: 2  0.023386    2  0.023386    
   10000.010 A1: 2  0.023386    2  0.023386    
