  -10000.000 A0:    23.442841    23.443966     1.003860    16.415313     4.048559
       0.000 A0:    23.439279    23.437677    -0.852017   -13.931996    -5.769398
   10000.000 A0:    23.435717    23.437466     0.648422    10.602901     6.295105
   10000.000 A0:    23.435717    23.437466     0.648422    10.602901     6.295105
   10000.010 A0:    23.435717    23.437466     0.648448    10.603323     6.294395
  -10000.000 A1:    23.443       23.444        1.004       16.415        4.049
       0.000 A1:    23.439       23.438       -0.852      -13.932       -5.769
   10000.000 A1:    23.436       23.437        0.648       10.603        6.295
   10000.000 A1:    23.436       23.437        0.648       10.603        6.295
   10000.010 A1:    23.436       23.437        0.648       10.603        6.294
