
-10000.0 22+20      S2 O0 A0: mean  0.81379768135 -0.56713122404  0.12686807538 

-10000.0 22+20      S2 O0 A0: true  0.81379768135 -0.56713371409  0.12685694372 

-10000.0 22+20      S2 O0 A0: gcrs  0.81379763098 -0.56712339756  0.12690337958 

-10000.0 16-20      S2 O0 A0: mean -0.46984631039 -0.61059710472 -0.63750734923 

-10000.0 16-20      S2 O0 A0: true -0.46984631039 -0.61054495689 -0.63755729172 

-10000.0 16-20      S2 O0 A0: gcrs -0.46984630225 -0.61059705039 -0.63750740727 

     0.0 22+20      S2 O0 A0: mean  0.81379768135 -0.56712333576  0.12690333277 

     0.0 22+20      S2 O0 A0: true  0.81379768135 -0.56711978594  0.12691919563 

     0.0 22+20      S2 O0 A0: gcrs  0.81379763098 -0.56712339756  0.12690337958 

     0.0 16-20      S2 O0 A0: mean -0.46984631039 -0.61059710472 -0.63750734923 

     0.0 16-20      S2 O0 A0: true -0.46984631039 -0.61061493609 -0.63749027007 

     0.0 16-20      S2 O0 A0: gcrs -0.46984630225 -0.61059705039 -0.63750740727 

 10000.0 22+20      S2 O0 A0: mean  0.81379768135 -0.56711544527  0.12693858976 

 10000.0 22+20      S2 O0 A0: true  0.81379768135 -0.56711931911  0.12692128160 

 10000.0 22+20      S2 O0 A0: gcrs  0.81379763098 -0.56712339756  0.12690337958 

 10000.0 16-20      S2 O0 A0: mean -0.46984631039 -0.61063673644 -0.63746938807 

 10000.0 16-20      S2 O0 A0: true -0.46984631039 -0.61061728089 -0.63748802412 

 10000.0 16-20      S2 O0 A0: gcrs -0.46984630225 -0.61059705039 -0.63750740727 

 10000.0 22+20      S2 O0 A0: mean  0.81379768135 -0.56711544527  0.12693858976 

 10000.0 22+20      S2 O0 A0: true  0.81379768135 -0.56711931911  0.12692128160 

 10000.0 22+20      S2 O0 A0: gcrs  0.81379763098 -0.56712339756  0.12690337958 

 10000.0 16-20      S2 O0 A0: mean -0.46984631039 -0.61063673644 -0.63746938807 

 10000.0 16-20      S2 O0 A0: true -0.46984631039 -0.61061728089 -0.63748802412 

 10000.0 16-20      S2 O0 A0: gcrs -0.46984630225 -0.61059705039 -0.63750740727 

 10000.0 22+20      S2 O0 A0: mean  0.81379768135 -0.56711544526  0.12693858979 

 10000.0 22+20      S2 O0 A0: true  0.81379768135 -0.56711931866  0.12692128359 

 10000.0 22+20      S2 O0 A0: gcrs  0.81379763098 -0.56712339756  0.12690337958 

 10000.0 16-20      S2 O0 A0: mean -0.46984631039 -0.61063673648 -0.63746938803 

 10000.0 16-20      S2 O0 A0: true -0.46984631039 -0.61061728312 -0.63748802198 

 10000.0 16-20      S2 O0 A0: gcrs -0.46984630225 -0.61059705039 -0.63750740727 

-10000.0 22+20      S2 O0 A1: mean  0.81379768 -0.56713122  0.12686808 

-10000.0 22+20      S2 O0 A1: true  0.81379768 -0.56713371  0.12685694 

-10000.0 22+20      S2 O0 A1: gcrs  0.81379763 -0.56712340  0.12690338 

-10000.0 16-20      S2 O0 A1: mean -0.46984631 -0.61055747 -0.63754531 

-10000.0 16-20      S2 O0 A1: true -0.46984631 -0.61054496 -0.63755729 

-10000.0 16-20      S2 O0 A1: gcrs -0.46984630 -0.61059705 -0.63750741 

     0.0 22+20      S2 O0 A1: mean  0.81379768 -0.56712334  0.12690333 

     0.0 22+20      S2 O0 A1: true  0.81379768 -0.56711979  0.12691920 

     0.0 22+20      S2 O0 A1: gcrs  0.81379763 -0.56712340  0.12690338 

     0.0 16-20      S2 O0 A1: mean -0.46984631 -0.61059710 -0.63750735 

     0.0 16-20      S2 O0 A1: true -0.46984631 -0.61061494 -0.63749027 

     0.0 16-20      S2 O0 A1: gcrs -0.46984630 -0.61059705 -0.63750741 

 10000.0 22+20      S2 O0 A1: mean  0.81379768 -0.56711545  0.12693859 

 10000.0 22+20      S2 O0 A1: true  0.81379768 -0.56711932  0.12692128 

 10000.0 22+20      S2 O0 A1: gcrs  0.81379763 -0.56712340  0.12690338 

 10000.0 16-20      S2 O0 A1: mean -0.46984631 -0.61063674 -0.63746939 

 10000.0 16-20      S2 O0 A1: true -0.46984631 -0.61061728 -0.63748802 

 10000.0 16-20      S2 O0 A1: gcrs -0.46984630 -0.61059705 -0.63750741 

 10000.0 22+20      S2 O0 A1: mean  0.81379768 -0.56711545  0.12693859 

 10000.0 22+20      S2 O0 A1: true  0.81379768 -0.56711932  0.12692128 

 10000.0 22+20      S2 O0 A1: gcrs  0.81379763 -0.56712340  0.12690338 

 10000.0 16-20      S2 O0 A1: mean -0.46984631 -0.61063674 -0.63746939 

 10000.0 16-20      S2 O0 A1: true -0.46984631 -0.61061728 -0.63748802 

 10000.0 16-20      S2 O0 A1: gcrs -0.46984630 -0.61059705 -0.63750741 

 10000.0 22+20      S2 O0 A1: mean  0.81379768 -0.56711545  0.12693859 

 10000.0 22+20      S2 O0 A1: true  0.81379768 -0.56711932  0.12692128 

 10000.0 22+20      S2 O0 A1: gcrs  0.81379763 -0.56712340  0.12690338 

 10000.0 16-20      S2 O0 A1: mean -0.46984631 -0.61063674 -0.63746939 

 10000.0 16-20      S2 O0 A1: true -0.46984631 -0.61061728 -0.63748802 

 10000.0 16-20      S2 O0 A1: gcrs -0.46984630 -0.61059705 -0.63750741 
