
-10000.0 22+20      S2 O0 A0:    76.989060   -27.199078 

-10000.0 16-20      S2 O0 A0:   352.071012    24.387655 

     0.0 22+20      S2 O0 A0:    76.989060   -27.199078 

     0.0 16-20      S2 O0 A0:   352.071012    24.387655 

 10000.0 22+20      S2 O0 A0:    76.989060   -27.199078 

 10000.0 16-20      S2 O0 A0:   352.071012    24.387655 

 10000.0 22+20      S2 O0 A0:    76.989060   -27.199078 

 10000.0 16-20      S2 O0 A0:   352.071012    24.387655 

 10000.0 22+20      S2 O0 A0:    76.989060   -27.199078 

 10000.0 16-20      S2 O0 A0:   352.071012    24.387655 

-10000.0 22+20      S2 O0 A1:    76.989060   -27.199078 

-10000.0 16-20      S2 O0 A1:   352.071012    24.387655 

     0.0 22+20      S2 O0 A1:    76.989060   -27.199078 

     0.0 16-20      S2 O0 A1:   352.071012    24.387655 

 10000.0 22+20      S2 O0 A1:    76.989060   -27.199078 

 10000.0 16-20      S2 O0 A1:   352.071012    24.387655 

 10000.0 22+20      S2 O0 A1:    76.989060   -27.199078 

 10000.0 16-20      S2 O0 A1:   352.071012    24.387655 

 10000.0 22+20      S2 O0 A1:    76.989060   -27.199078 

 10000.0 16-20      S2 O0 A1:   352.071012    24.387655 
