
-10000.0 22+20      S2 O0 A0: mean   340.074726    30.046968 

-10000.0 22+20      S2 O0 A0: true   340.075337    30.047351 

-10000.0 22+20      S2 O0 A0: gcrs   340.072793    30.045749 

-10000.0 16-20      S2 O0 A0: mean   241.974181     0.567960 

-10000.0 16-20      S2 O0 A0: true   241.974159     0.572097 

-10000.0 16-20      S2 O0 A0: gcrs   241.974183     0.567964 

     0.0 22+20      S2 O0 A0: mean   340.072789    30.045754 

     0.0 22+20      S2 O0 A0: true   340.071917    30.045208 

     0.0 22+20      S2 O0 A0: gcrs   340.072793    30.045749 

     0.0 16-20      S2 O0 A0: mean   241.974181     0.567960 

     0.0 16-20      S2 O0 A0: true   241.974188     0.566545 

     0.0 16-20      S2 O0 A0: gcrs   241.974183     0.567964 

 10000.0 22+20      S2 O0 A0: mean   340.070852    30.044540 

 10000.0 22+20      S2 O0 A0: true   340.071803    30.045136 

 10000.0 22+20      S2 O0 A0: gcrs   340.072793    30.045749 

 10000.0 16-20      S2 O0 A0: mean   241.974197     0.564815 

 10000.0 16-20      S2 O0 A0: true   241.974189     0.566359 

 10000.0 16-20      S2 O0 A0: gcrs   241.974183     0.567964 

 10000.0 22+20      S2 O0 A0: mean   340.070852    30.044540 

 10000.0 22+20      S2 O0 A0: true   340.071803    30.045136 

 10000.0 22+20      S2 O0 A0: gcrs   340.072793    30.045749 

 10000.0 16-20      S2 O0 A0: mean   241.974197     0.564815 

 10000.0 16-20      S2 O0 A0: true   241.974189     0.566359 

 10000.0 16-20      S2 O0 A0: gcrs   241.974183     0.567964 

 10000.0 22+20      S2 O0 A0: mean   340.070852    30.044540 

 10000.0 22+20      S2 O0 A0: true   340.071803    30.045136 

 10000.0 22+20      S2 O0 A0: gcrs   340.072793    30.045749 

 10000.0 16-20      S2 O0 A0: mean   241.974197     0.564815 

 10000.0 16-20      S2 O0 A0: true   241.974189     0.566359 

 10000.0 16-20      S2 O0 A0: gcrs   241.974183     0.567964 

-10000.0 22+20      S2 O0 A1: mean   340.074726    30.046968 

-10000.0 22+20      S2 O0 A1: true   340.075337    30.047351 

-10000.0 22+20      S2 O0 A1: gcrs   340.072793    30.045749 

-10000.0 16-20      S2 O0 A1: mean   241.974164     0.571104 

-10000.0 16-20      S2 O0 A1: true   241.974159     0.572097 

-10000.0 16-20      S2 O0 A1: gcrs   241.974183     0.567964 

     0.0 22+20      S2 O0 A1: mean   340.072789    30.045754 

     0.0 22+20      S2 O0 A1: true   340.071917    30.045208 

     0.0 22+20      S2 O0 A1: gcrs   340.072793    30.045749 

     0.0 16-20      S2 O0 A1: mean   241.974181     0.567960 

     0.0 16-20      S2 O0 A1: true   241.974188     0.566545 

     0.0 16-20      S2 O0 A1: gcrs   241.974183     0.567964 

 10000.0 22+20      S2 O0 A1: mean   340.070852    30.044540 

 10000.0 22+20      S2 O0 A1: true   340.071803    30.045136 

 10000.0 22+20      S2 O0 A1: gcrs   340.072793    30.045749 

 10000.0 16-20      S2 O0 A1: mean   241.974197     0.564815 

 10000.0 16-20      S2 O0 A1: true   241.974189     0.566359 

 10000.0 16-20      S2 O0 A1: gcrs   241.974183     0.567964 

 10000.0 22+20      S2 O0 A1: mean   340.070852    30.044540 

 10000.0 22+20      S2 O0 A1: true   340.071803    30.045136 

 10000.0 22+20      S2 O0 A1: gcrs   340.072793    30.045749 

 10000.0 16-20      S2 O0 A1: mean   241.974197     0.564815 

 10000.0 16-20      S2 O0 A1: true   241.974189     0.566359 

 10000.0 16-20      S2 O0 A1: gcrs   241.974183     0.567964 

 10000.0 22+20      S2 O0 A1: mean   340.070852    30.044540 

 10000.0 22+20      S2 O0 A1: true   340.071803    30.045136 

 10000.0 22+20      S2 O0 A1: gcrs   340.072793    30.045749 

 10000.0 16-20      S2 O0 A1: mean   241.974197     0.564815 

 10000.0 16-20      S2 O0 A1: true   241.974189     0.566359 

 10000.0 16-20      S2 O0 A1: gcrs   241.974183     0.567964 
