
     0.0 22+20      S2 O0 A0: mean    22.000000    19.999997 

     0.0 22+20      S2 O0 A0: true    21.999816    19.999465 

     0.0 22+20      S2 O0 A0: cirs    22.000052    19.999465 

     0.0 16-20      S2 O0 A0: mean    16.000000   -19.999996 

     0.0 16-20      S2 O0 A0: true    15.999751   -19.997838 

     0.0 16-20      S2 O0 A0: cirs    15.999987   -19.997838 

     0.0 22+20      S2 O0 A1: mean    22.000000    19.999997 

     0.0 22+20      S2 O0 A1: true    21.999816    19.999465 

     0.0 22+20      S2 O0 A1: cirs    22.000052    19.999465 

     0.0 16-20      S2 O0 A1: mean    16.000000   -19.999996 

     0.0 16-20      S2 O0 A1: true    15.999751   -19.997838 

     0.0 16-20      S2 O0 A1: cirs    15.999987   -19.997838 
