
-10000.0 22+20      S2 O0 A0:          nan          nan 

-10000.0 22+20      S2 O1 A0:   145.977105 60365.587207 

-10000.0 22+20      S2 O2 A0:   132.709500 5730086.072975 

-10000.0 16-20      S2 O0 A0:          nan          nan 

-10000.0 16-20      S2 O1 A0:    98.660449 40799.159825 

-10000.0 16-20      S2 O2 A0:    44.935094 1940193.008993 

-10000.0 SUN        S0 O0 A0:          nan          nan 

-10000.0 SUN        S0 O1 A0:    53.181239 21992.554980 

-10000.0 SUN        S0 O2 A0:   106.901484 4615756.460720 

-10000.0 EARTH      S0 O0 A0:          nan          nan 

-10000.0 EARTH      S0 O1 A0:   179.996872 74433.472821 

-10000.0 EARTH      S0 O2 A0:   126.255303 5451408.974761 

     0.0 22+20      S2 O0 A0:          nan          nan 

     0.0 22+20      S2 O1 A0:    63.740570 25620.837105 

     0.0 22+20      S2 O2 A0:   132.008697 5674118.309712 

     0.0 16-20      S2 O0 A0:          nan          nan 

     0.0 16-20      S2 O1 A0:    38.844362 15614.073722 

     0.0 16-20      S2 O2 A0:    43.958133 1889449.259870 

     0.0 SUN        S0 O0 A0:          nan          nan 

     0.0 SUN        S0 O1 A0:    79.454498 31936.881647 

     0.0 SUN        S0 O2 A0:     3.345607 143804.903443 

     0.0 EARTH      S0 O0 A0:          nan          nan 

     0.0 EARTH      S0 O1 A0:   179.995731 72348.349417 

     0.0 EARTH      S0 O2 A0:    97.198319 4177867.128758 

 10000.0 22+20      S2 O0 A0:          nan          nan 

 10000.0 22+20      S2 O1 A0:    79.616582 33090.934295 

 10000.0 22+20      S2 O2 A0:   132.637913 5652979.205293 

 10000.0 16-20      S2 O0 A0:          nan          nan 

 10000.0 16-20      S2 O1 A0:   176.037299 73164.937632 

 10000.0 16-20      S2 O2 A0:    44.853791 1911652.772340 

 10000.0 SUN        S0 O0 A0:          nan          nan 

 10000.0 SUN        S0 O1 A0:   148.171395 61583.418716 

 10000.0 SUN        S0 O2 A0:    72.730948 3099766.779829 

 10000.0 EARTH      S0 O0 A0:          nan          nan 

 10000.0 EARTH      S0 O1 A0:   179.997051 74810.674256 

 10000.0 EARTH      S0 O2 A0:    40.954021 1745446.050988 

 10000.0 22+20      S2 O0 A0:          nan          nan 

 10000.0 22+20      S2 O1 A0:    79.616582 33090.934295 

 10000.0 22+20      S2 O2 A0:   132.637913 5652979.205293 

 10000.0 16-20      S2 O0 A0:          nan          nan 

 10000.0 16-20      S2 O1 A0:   176.037299 73164.937632 

 10000.0 16-20      S2 O2 A0:    44.853791 1911652.772340 

 10000.0 SUN        S0 O0 A0:          nan          nan 

 10000.0 SUN        S0 O1 A0:   148.171395 61583.418716 

 10000.0 SUN        S0 O2 A0:    72.730948 3099766.779829 

 10000.0 EARTH      S0 O0 A0:          nan          nan 

 10000.0 EARTH      S0 O1 A0:   179.997051 74810.674256 

 10000.0 EARTH      S0 O2 A0:    40.954021 1745446.050988 

 10000.0 22+20      S2 O0 A0:          nan          nan 

 10000.0 22+20      S2 O1 A0:    79.624702 33094.369324 

 10000.0 22+20      S2 O2 A0:   132.637965 5652987.362020 

 10000.0 16-20      S2 O0 A0:          nan          nan 

 10000.0 16-20      S2 O1 A0:   176.046656 73168.959465 

 10000.0 16-20      S2 O2 A0:    44.853862 1911657.830144 

 10000.0 SUN        S0 O0 A0:          nan          nan 

 10000.0 SUN        S0 O1 A0:   148.180252 61587.212162 

 10000.0 SUN        S0 O2 A0:    72.731615 3099798.464149 

 10000.0 EARTH      S0 O0 A0:          nan          nan 

 10000.0 EARTH      S0 O1 A0:   179.997190 74810.868384 

 10000.0 EARTH      S0 O2 A0:    40.963676 1745859.358490 

-10000.0 22+20      S2 O0 A1:          nan          nan 

-10000.0 22+20      S2 O1 A1:   145.977105 60365.587207 

-10000.0 22+20      S2 O2 A1:   132.709500 5730086.072975 

-10000.0 16-20      S2 O0 A1:          nan          nan 

-10000.0 16-20      S2 O1 A1:    98.660449 40799.159825 

-10000.0 16-20      S2 O2 A1:    44.935094 1940193.008993 

-10000.0 SUN        S0 O0 A1:          nan          nan 

-10000.0 SUN        S0 O1 A1:    53.181239 21992.554980 

-10000.0 SUN        S0 O2 A1:   106.901484 4615756.460763 

-10000.0 EARTH      S0 O0 A1:          nan          nan 

-10000.0 EARTH      S0 O1 A1:   179.996872 74433.472821 

-10000.0 EARTH      S0 O2 A1:   126.255303 5451408.974761 

     0.0 22+20      S2 O0 A1:          nan          nan 

     0.0 22+20      S2 O1 A1:    63.740570 25620.837105 

     0.0 22+20      S2 O2 A1:   132.008697 5674118.309712 

     0.0 16-20      S2 O0 A1:          nan          nan 

     0.0 16-20      S2 O1 A1:    38.844362 15614.073722 

     0.0 16-20      S2 O2 A1:    43.958133 1889449.259870 

     0.0 SUN        S0 O0 A1:          nan          nan 

     0.0 SUN        S0 O1 A1:    79.454498 31936.881647 

     0.0 SUN        S0 O2 A1:     3.345607 143804.903441 

     0.0 EARTH      S0 O0 A1:          nan          nan 

     0.0 EARTH      S0 O1 A1:   179.995731 72348.349417 

     0.0 EARTH      S0 O2 A1:    97.198319 4177867.128758 

 10000.0 22+20      S2 O0 A1:          nan          nan 

 10000.0 22+20      S2 O1 A1:    79.616582 33090.934295 

 10000.0 22+20      S2 O2 A1:   132.637913 5652979.205293 

 10000.0 16-20      S2 O0 A1:          nan          nan 

 10000.0 16-20      S2 O1 A1:   176.037299 73164.937632 

 10000.0 16-20      S2 O2 A1:    44.853791 1911652.772340 

 10000.0 SUN        S0 O0 A1:          nan          nan 

 10000.0 SUN        S0 O1 A1:   148.171395 61583.418716 

 10000.0 SUN        S0 O2 A1:    72.730948 3099766.779863 

 10000.0 EARTH      S0 O0 A1:          nan          nan 

 10000.0 EARTH      S0 O1 A1:   179.997051 74810.674256 

 10000.0 EARTH      S0 O2 A1:    40.954021 1745446.050988 

 10000.0 22+20      S2 O0 A1:          nan          nan 

 10000.0 22+20      S2 O1 A1:    79.616582 33090.934295 

 10000.0 22+20      S2 O2 A1:   132.637913 5652979.205293 

 10000.0 16-20      S2 O0 A1:          nan          nan 

 10000.0 16-20      S2 O1 A1:   176.037299 73164.937632 

 10000.0 16-20      S2 O2 A1:    44.853791 1911652.772340 

 10000.0 SUN        S0 O0 A1:          nan          nan 

 10000.0 SUN        S0 O1 A1:   148.171395 61583.418716 

 10000.0 SUN        S0 O2 A1:    72.730948 3099766.779863 

 10000.0 EARTH      S0 O0 A1:          nan          nan 

 10000.0 EARTH      S0 O1 A1:   179.997051 74810.674256 

 10000.0 EARTH      S0 O2 A1:    40.954021 1745446.050988 

 10000.0 22+20      S2 O0 A1:          nan          nan 

 10000.0 22+20      S2 O1 A1:    79.624702 33094.369324 

 10000.0 22+20      S2 O2 A1:   132.637965 5652987.362020 

 10000.0 16-20      S2 O0 A1:          nan          nan 

 10000.0 16-20      S2 O1 A1:   176.046656 73168.959465 

 10000.0 16-20      S2 O2 A1:    44.853862 1911657.830144 

 10000.0 SUN        S0 O0 A1:          nan          nan 

 10000.0 SUN        S0 O1 A1:   148.180252 61587.212162 

 10000.0 SUN        S0 O2 A1:    72.731615 3099798.464183 

 10000.0 EARTH      S0 O0 A1:          nan          nan 

 10000.0 EARTH      S0 O1 A1:   179.997190 74810.868384 

 10000.0 EARTH      S0 O2 A1:    40.963676 1745859.358490 
