G1 0 
G2 0 
E1 1    1.000    2.000    3.000   4.0   5.0 
E2 1    1.000    2.000    3.000   4.0   5.0 
S1 2  100.000  200.000  300.000  -10.000  -20.000  -30.000 
S2 2  100.000  200.000  300.000  -10.000  -20.000  -30.000 
