1 10.034779675 -40.24577103 
1 19.032852316  30.07560829 
1  2.773331127  68.50429271 
