-10000.0 A0:     0.000080     0.000020    -0.000056     0.000032 
     0.0 A0:    -0.000068    -0.000028     0.000059    -0.000027 
 10000.0 A0:     0.000051     0.000031    -0.000068     0.000024 
-10000.0 A1:     0.000080     0.000020    -0.000056     0.000032 
     0.0 A1:    -0.000068    -0.000028     0.000059    -0.000027 
 10000.0 A1:     0.000051     0.000031    -0.000068     0.000024 
