  -10000.000 A0:            nan            nan            nan 
       0.000 A0:  0.80184132257 -0.54822872505 -0.23768836415 
   10000.000 A0: -0.18771974107  0.90107619821  0.39092580348 
   10000.000 A0: -0.52908777629 -0.77858316456 -0.33745278314 
   10000.010 A0: -0.52908777455 -0.77858316671 -0.33745278089 
  -10000.000 A1: -0.52892181 -0.77868176 -0.33748546 
       0.000 A1:  0.80184132 -0.54822872 -0.23768836 
   10000.000 A1: -0.18771974  0.90107620  0.39092580 
   10000.000 A1: -0.52908778 -0.77858316 -0.33745278 
   10000.010 A1: -0.52908777 -0.77858317 -0.33745278 
