  -10000.000 A0: ERA     9.595230 
  -10000.000 A0: GST     9.599134
       0.000 A0: ERA    18.700688 
       0.000 A0: GST    18.697375
   10000.000 A0: ERA     3.793098 
   10000.000 A0: GST     3.795620
   10000.000 A0: ERA     3.793098 
   10000.000 A0: GST     3.795620
   10000.010 A0: ERA     4.033755 
   10000.010 A0: GST     4.036277
  -10000.000 A1: ERA     9.595230 
  -10000.000 A1: GST     9.599134
       0.000 A1: ERA    18.700688 
       0.000 A1: GST    18.697375
   10000.000 A1: ERA     3.793098 
   10000.000 A1: GST     3.795620
   10000.000 A1: ERA     3.793098 
   10000.000 A1: GST     3.795620
   10000.010 A1: ERA     4.033755 
   10000.010 A1: GST     4.036277
