-10000.0 A0:    -0.001101 
     0.0 A0:    -0.000096 
 10000.0 A0:     0.001169 
 10000.0 A0:     0.001169 
-10000.0 A1:    -0.001101 
     0.0 A1:    -0.000096 
 10000.0 A1:     0.001169 
 10000.0 A1:     0.001169 
