
-10000.0 22+20      S2 O0 A0: ERA GCRS -0.388158782  0.856188052  0.340990879 

-10000.0 22+20      S2 O0 A0: GST GCRS -0.388158782  0.856188052  0.340990879 

-10000.0 22+20      S2 O0 A0: GST TOD  -0.382075453  0.858510670  0.342020143 

-10000.0 16-20      S2 O0 A0: ERA GCRS  0.857080260  0.387257004 -0.339772632 

-10000.0 16-20      S2 O0 A0: GST GCRS  0.857080260  0.387257004 -0.339772632 

-10000.0 16-20      S2 O0 A0: GST TOD   0.858510670  0.382075453 -0.342020143 

     0.0 22+20      S2 O0 A0: ERA GCRS -0.314293815 -0.885587023  0.341986874 

     0.0 22+20      S2 O0 A0: GST GCRS -0.314293815 -0.885587023  0.341986874 

     0.0 22+20      S2 O0 A0: GST TOD  -0.314339416 -0.885557990  0.342020143 

     0.0 16-20      S2 O0 A0: ERA GCRS -0.885568229  0.314294178 -0.342035204 

     0.0 16-20      S2 O0 A0: GST GCRS -0.885568229  0.314294178 -0.342035204 

     0.0 16-20      S2 O0 A0: GST TOD  -0.885557990  0.314339416 -0.342020143 

 10000.0 22+20      S2 O0 A0: ERA GCRS  0.841265068  0.420521494  0.339756911 

 10000.0 22+20      S2 O0 A0: GST GCRS  0.841265068  0.420521494  0.339756911 

 10000.0 22+20      S2 O0 A0: GST TOD   0.837740870  0.425690564  0.342020143 

 10000.0 16-20      S2 O0 A0: ERA GCRS  0.419595615 -0.840358868 -0.343127518 

 10000.0 16-20      S2 O0 A0: GST GCRS  0.419595615 -0.840358868 -0.343127518 

 10000.0 16-20      S2 O0 A0: GST TOD   0.425690564 -0.837740870 -0.342020143 

 10000.0 22+20      S2 O0 A0: ERA GCRS  0.841265068  0.420521494  0.339756911 

 10000.0 22+20      S2 O0 A0: GST GCRS  0.841265068  0.420521494  0.339756911 

 10000.0 22+20      S2 O0 A0: GST TOD   0.837740870  0.425690564  0.342020143 

 10000.0 16-20      S2 O0 A0: ERA GCRS  0.419595615 -0.840358868 -0.343127518 

 10000.0 16-20      S2 O0 A0: GST GCRS  0.419595615 -0.840358868 -0.343127518 

 10000.0 16-20      S2 O0 A0: GST TOD   0.425690564 -0.837740870 -0.342020143 

 10000.0 22+20      S2 O0 A0: ERA GCRS  0.813121356  0.472597522  0.339831198 

 10000.0 22+20      S2 O0 A0: GST GCRS  0.813121356  0.472597522  0.339831198 

 10000.0 22+20      S2 O0 A0: GST TOD   0.809276301  0.477591971  0.342020143 

 10000.0 16-20      S2 O0 A0: ERA GCRS  0.471671454 -0.812215055 -0.343267743 

 10000.0 16-20      S2 O0 A0: GST GCRS  0.471671454 -0.812215055 -0.343267743 

 10000.0 16-20      S2 O0 A0: GST TOD   0.477591971 -0.809276301 -0.342020143 

-10000.0 22+20      S2 O0 A1: ERA GCRS -0.388159  0.856188  0.340991 

-10000.0 22+20      S2 O0 A1: GST GCRS -0.388159  0.856188  0.340991 

-10000.0 22+20      S2 O0 A1: GST TOD  -0.382075  0.858511  0.342020 

-10000.0 16-20      S2 O0 A1: ERA GCRS  0.857080  0.387257 -0.339773 

-10000.0 16-20      S2 O0 A1: GST GCRS  0.857080  0.387257 -0.339773 

-10000.0 16-20      S2 O0 A1: GST TOD   0.858511  0.382075 -0.342020 

     0.0 22+20      S2 O0 A1: ERA GCRS -0.314294 -0.885587  0.341987 

     0.0 22+20      S2 O0 A1: GST GCRS -0.314294 -0.885587  0.341987 

     0.0 22+20      S2 O0 A1: GST TOD  -0.314339 -0.885558  0.342020 

     0.0 16-20      S2 O0 A1: ERA GCRS -0.885568  0.314294 -0.342035 

     0.0 16-20      S2 O0 A1: GST GCRS -0.885568  0.314294 -0.342035 

     0.0 16-20      S2 O0 A1: GST TOD  -0.885558  0.314339 -0.342020 

 10000.0 22+20      S2 O0 A1: ERA GCRS  0.841265  0.420521  0.339757 

 10000.0 22+20      S2 O0 A1: GST GCRS  0.841265  0.420521  0.339757 

 10000.0 22+20      S2 O0 A1: GST TOD   0.837741  0.425691  0.342020 

 10000.0 16-20      S2 O0 A1: ERA GCRS  0.419596 -0.840359 -0.343128 

 10000.0 16-20      S2 O0 A1: GST GCRS  0.419596 -0.840359 -0.343128 

 10000.0 16-20      S2 O0 A1: GST TOD   0.425691 -0.837741 -0.342020 

 10000.0 22+20      S2 O0 A1: ERA GCRS  0.841265  0.420521  0.339757 

 10000.0 22+20      S2 O0 A1: GST GCRS  0.841265  0.420521  0.339757 

 10000.0 22+20      S2 O0 A1: GST TOD   0.837741  0.425691  0.342020 

 10000.0 16-20      S2 O0 A1: ERA GCRS  0.419596 -0.840359 -0.343128 

 10000.0 16-20      S2 O0 A1: GST GCRS  0.419596 -0.840359 -0.343128 

 10000.0 16-20      S2 O0 A1: GST TOD   0.425691 -0.837741 -0.342020 

 10000.0 22+20      S2 O0 A1: ERA GCRS  0.813121  0.472598  0.339831 

 10000.0 22+20      S2 O0 A1: GST GCRS  0.813121  0.472598  0.339831 

 10000.0 22+20      S2 O0 A1: GST TOD   0.809276  0.477592  0.342020 

 10000.0 16-20      S2 O0 A1: ERA GCRS  0.471671 -0.812215 -0.343268 

 10000.0 16-20      S2 O0 A1: GST GCRS  0.471671 -0.812215 -0.343268 

 10000.0 16-20      S2 O0 A1: GST TOD   0.477592 -0.809276 -0.342020 
