
-10000.0 22+20      S2 O1 A0: ERROR 43 

-10000.0 16-20      S2 O1 A0: ERROR 43 

-10000.0 SUN        S0 O1 A0: ERROR 33 

-10000.0 EARTH      S0 O1 A0: ERROR 13 

     0.0 22+20      S2 O1 A0: ERROR 43 

     0.0 16-20      S2 O1 A0: ERROR 43 

     0.0 SUN        S0 O1 A0: ERROR 33 

     0.0 EARTH      S0 O1 A0: ERROR 13 

 10000.0 22+20      S2 O1 A0: ERROR 43 

 10000.0 16-20      S2 O1 A0: ERROR 43 

 10000.0 SUN        S0 O1 A0: ERROR 33 

 10000.0 EARTH      S0 O1 A0: ERROR 13 

 10000.0 22+20      S2 O1 A0: ERROR 43 

 10000.0 16-20      S2 O1 A0: ERROR 43 

 10000.0 SUN        S0 O1 A0: ERROR 33 

 10000.0 EARTH      S0 O1 A0: ERROR 13 

 10000.0 22+20      S2 O1 A0: ERROR 43 

 10000.0 16-20      S2 O1 A0: ERROR 43 

 10000.0 SUN        S0 O1 A0: ERROR 33 

 10000.0 EARTH      S0 O1 A0: ERROR 13 

-10000.0 22+20      S2 O1 A1:  21.9791      19.8706     

-10000.0 16-20      S2 O1 A1:  15.9738     -19.9253     

-10000.0 SUN        S0 O1 A1:   9.6727      13.9377       1.012630  

-10000.0 EARTH      S0 O1 A1: ERROR 13 

     0.0 22+20      S2 O1 A1:  21.9996      20.0006     

     0.0 16-20      S2 O1 A1:  15.9994     -19.9970     

     0.0 SUN        S0 O1 A1:  18.7519     -23.0344       0.983296  

     0.0 EARTH      S0 O1 A1: ERROR 13 

 10000.0 22+20      S2 O1 A1:  22.0217      20.1294     

 10000.0 16-20      S2 O1 A1:  16.0272     -20.0790     

 10000.0 SUN        S0 O1 A1:   3.7372      19.7806       1.011581  

 10000.0 EARTH      S0 O1 A1: ERROR 13 

 10000.0 22+20      S2 O1 A1:  22.0217      20.1294     

 10000.0 16-20      S2 O1 A1:  16.0272     -20.0790     

 10000.0 SUN        S0 O1 A1:   3.7372      19.7806       1.011581  

 10000.0 EARTH      S0 O1 A1: ERROR 13 

 10000.0 22+20      S2 O1 A1:  22.0217      20.1294     

 10000.0 16-20      S2 O1 A1:  16.0272     -20.0790     

 10000.0 SUN        S0 O1 A1:   3.7378      19.7827       1.011582  

 10000.0 EARTH      S0 O1 A1: ERROR 13 
