1 Test TR 1001 1.100 -2.200 -4.400 -4.400 5.500 -6.600 
2 Test TR 1001 1.077 -2.346 -4.398 -4.398 5.500 -6.600 
3 Test TR 1001 1.077 -2.346 -4.398 -4.398 5.500 -6.600 
4 Test TR 1001 1.100 -2.200 -4.400 -4.400 5.500 -6.600 
5 Test TR 1001 1.100 -2.200 -4.400 -4.400 5.500 -6.600 
