Test HP2 1001 0.073 -2.200 -4.400 -4.400 5.500 -6.600 
