
-10000.0 22+20      S2 O0 A0:  0.813794365 -0.469851285  0.342021200 

-10000.0 22+20      S2 O1 A0:  0.813794365 -0.469851285  0.342021200 

-10000.0 22+20      S2 O2 A0:  0.813794365 -0.469851285  0.342021200 

-10000.0 16-20      S2 O0 A0: -0.469842994 -0.813792707 -0.342036535 

-10000.0 16-20      S2 O1 A0: -0.469842994 -0.813792707 -0.342036535 

-10000.0 16-20      S2 O2 A0: -0.469842994 -0.813792707 -0.342036535 

-10000.0 SUN        S0 O0 A0: -0.002228700  0.916083684  0.400980942 

-10000.0 SUN        S0 O1 A0: -0.002228700  0.916083684  0.400980942 

-10000.0 SUN        S0 O2 A0: -0.002228700  0.916083684  0.400980942 

-10000.0 EARTH      S0 O0 A0:  0.801883986 -0.548168928 -0.237682352 

-10000.0 EARTH      S0 O1 A0:  0.801883986 -0.548168928 -0.237682352 

-10000.0 EARTH      S0 O2 A0:  0.801883986 -0.548168928 -0.237682352 

     0.0 22+20      S2 O0 A0:  0.813794365 -0.469851285  0.342021200 

     0.0 22+20      S2 O1 A0:  0.813794365 -0.469851285  0.342021200 

     0.0 22+20      S2 O2 A0:  0.813794365 -0.469851285  0.342021200 

     0.0 16-20      S2 O0 A0: -0.469842994 -0.813792707 -0.342036535 

     0.0 16-20      S2 O1 A0: -0.469842994 -0.813792707 -0.342036535 

     0.0 16-20      S2 O2 A0: -0.469842994 -0.813792707 -0.342036535 

     0.0 SUN        S0 O0 A0: -0.930942905 -0.344820254 -0.120184442 

     0.0 SUN        S0 O1 A0: -0.930942905 -0.344820254 -0.120184442 

     0.0 SUN        S0 O2 A0: -0.930942905 -0.344820254 -0.120184442 

     0.0 EARTH      S0 O0 A0: -0.187673041  0.901091296  0.390913426 

     0.0 EARTH      S0 O1 A0: -0.187673041  0.901091296  0.390913426 

     0.0 EARTH      S0 O2 A0: -0.187673041  0.901091296  0.390913426 

 10000.0 22+20      S2 O0 A0:  0.813794365 -0.469851285  0.342021200 

 10000.0 22+20      S2 O1 A0:  0.813794365 -0.469851285  0.342021200 

 10000.0 22+20      S2 O2 A0:  0.813794365 -0.469851285  0.342021200 

 10000.0 16-20      S2 O0 A0: -0.469842994 -0.813792707 -0.342036535 

 10000.0 16-20      S2 O1 A0: -0.469842994 -0.813792707 -0.342036535 

 10000.0 16-20      S2 O2 A0: -0.469842994 -0.813792707 -0.342036535 

 10000.0 SUN        S0 O0 A0: -0.002279219 -0.923493955 -0.383606204 

 10000.0 SUN        S0 O1 A0: -0.002279219 -0.923493955 -0.383606204 

 10000.0 SUN        S0 O2 A0: -0.002279219 -0.923493955 -0.383606204 

 10000.0 EARTH      S0 O0 A0: -0.529128124 -0.778563601 -0.337434658 

 10000.0 EARTH      S0 O1 A0: -0.529128124 -0.778563601 -0.337434658 

 10000.0 EARTH      S0 O2 A0: -0.529128124 -0.778563601 -0.337434658 

 10000.0 22+20      S2 O0 A0:  0.813794365 -0.469851285  0.342021200 

 10000.0 22+20      S2 O1 A0:  0.813794365 -0.469851285  0.342021200 

 10000.0 22+20      S2 O2 A0:  0.813794365 -0.469851285  0.342021200 

 10000.0 16-20      S2 O0 A0: -0.469842994 -0.813792707 -0.342036535 

 10000.0 16-20      S2 O1 A0: -0.469842994 -0.813792707 -0.342036535 

 10000.0 16-20      S2 O2 A0: -0.469842994 -0.813792707 -0.342036535 

 10000.0 SUN        S0 O0 A0: -0.002279219 -0.923493955 -0.383606204 

 10000.0 SUN        S0 O1 A0: -0.002279219 -0.923493955 -0.383606204 

 10000.0 SUN        S0 O2 A0: -0.002279219 -0.923493955 -0.383606204 

 10000.0 EARTH      S0 O0 A0: -0.529128124 -0.778563601 -0.337434658 

 10000.0 EARTH      S0 O1 A0: -0.529128124 -0.778563601 -0.337434658 

 10000.0 EARTH      S0 O2 A0: -0.529128124 -0.778563601 -0.337434658 

-10000.0 22+20      S2 O0 A1:  0.813794 -0.469851  0.342021 

-10000.0 22+20      S2 O1 A1:  0.813794 -0.469851  0.342021 

-10000.0 22+20      S2 O2 A1:  0.813794 -0.469851  0.342021 

-10000.0 16-20      S2 O0 A1: -0.469843 -0.813793 -0.342037 

-10000.0 16-20      S2 O1 A1: -0.469843 -0.813793 -0.342037 

-10000.0 16-20      S2 O2 A1: -0.469843 -0.813793 -0.342037 

-10000.0 SUN        S0 O0 A1: -0.002229  0.916084  0.400981 

-10000.0 SUN        S0 O1 A1: -0.002229  0.916084  0.400981 

-10000.0 SUN        S0 O2 A1: -0.002229  0.916084  0.400981 

-10000.0 EARTH      S0 O0 A1:  0.801884 -0.548169 -0.237682 

-10000.0 EARTH      S0 O1 A1:  0.801884 -0.548169 -0.237682 

-10000.0 EARTH      S0 O2 A1:  0.801884 -0.548169 -0.237682 

     0.0 22+20      S2 O0 A1:  0.813794 -0.469851  0.342021 

     0.0 22+20      S2 O1 A1:  0.813794 -0.469851  0.342021 

     0.0 22+20      S2 O2 A1:  0.813794 -0.469851  0.342021 

     0.0 16-20      S2 O0 A1: -0.469843 -0.813793 -0.342037 

     0.0 16-20      S2 O1 A1: -0.469843 -0.813793 -0.342037 

     0.0 16-20      S2 O2 A1: -0.469843 -0.813793 -0.342037 

     0.0 SUN        S0 O0 A1: -0.930943 -0.344820 -0.120184 

     0.0 SUN        S0 O1 A1: -0.930943 -0.344820 -0.120184 

     0.0 SUN        S0 O2 A1: -0.930943 -0.344820 -0.120184 

     0.0 EARTH      S0 O0 A1: -0.187673  0.901091  0.390913 

     0.0 EARTH      S0 O1 A1: -0.187673  0.901091  0.390913 

     0.0 EARTH      S0 O2 A1: -0.187673  0.901091  0.390913 

 10000.0 22+20      S2 O0 A1:  0.813794 -0.469851  0.342021 

 10000.0 22+20      S2 O1 A1:  0.813794 -0.469851  0.342021 

 10000.0 22+20      S2 O2 A1:  0.813794 -0.469851  0.342021 

 10000.0 16-20      S2 O0 A1: -0.469843 -0.813793 -0.342037 

 10000.0 16-20      S2 O1 A1: -0.469843 -0.813793 -0.342037 

 10000.0 16-20      S2 O2 A1: -0.469843 -0.813793 -0.342037 

 10000.0 SUN        S0 O0 A1: -0.002279 -0.923494 -0.383606 

 10000.0 SUN        S0 O1 A1: -0.002279 -0.923494 -0.383606 

 10000.0 SUN        S0 O2 A1: -0.002279 -0.923494 -0.383606 

 10000.0 EARTH      S0 O0 A1: -0.529128 -0.778564 -0.337435 

 10000.0 EARTH      S0 O1 A1: -0.529128 -0.778564 -0.337435 

 10000.0 EARTH      S0 O2 A1: -0.529128 -0.778564 -0.337435 

 10000.0 22+20      S2 O0 A1:  0.813794 -0.469851  0.342021 

 10000.0 22+20      S2 O1 A1:  0.813794 -0.469851  0.342021 

 10000.0 22+20      S2 O2 A1:  0.813794 -0.469851  0.342021 

 10000.0 16-20      S2 O0 A1: -0.469843 -0.813793 -0.342037 

 10000.0 16-20      S2 O1 A1: -0.469843 -0.813793 -0.342037 

 10000.0 16-20      S2 O2 A1: -0.469843 -0.813793 -0.342037 

 10000.0 SUN        S0 O0 A1: -0.002279 -0.923494 -0.383606 

 10000.0 SUN        S0 O1 A1: -0.002279 -0.923494 -0.383606 

 10000.0 SUN        S0 O2 A1: -0.002279 -0.923494 -0.383606 

 10000.0 EARTH      S0 O0 A1: -0.529128 -0.778564 -0.337435 

 10000.0 EARTH      S0 O1 A1: -0.529128 -0.778564 -0.337435 

 10000.0 EARTH      S0 O2 A1: -0.529128 -0.778564 -0.337435 
